Archive member included because of file (symbol)

d:/programme/truestudio for arm lite 4.0.1/armtools/bin/../lib/gcc/arm-atollic-eabi/4.7.3/../../../../arm-atollic-eabi/lib/armv7e-m/fpu\libc_s.a(lib_a-init.o)
                              lib\startup_stm32f30x.o (__libc_init_array)
d:/programme/truestudio for arm lite 4.0.1/armtools/bin/../lib/gcc/arm-atollic-eabi/4.7.3/../../../../arm-atollic-eabi/lib/armv7e-m/fpu\libc_s.a(lib_a-malloc.o)
                              src\support.o (malloc)
d:/programme/truestudio for arm lite 4.0.1/armtools/bin/../lib/gcc/arm-atollic-eabi/4.7.3/../../../../arm-atollic-eabi/lib/armv7e-m/fpu\libc_s.a(lib_a-mallocr.o)
                              d:/programme/truestudio for arm lite 4.0.1/armtools/bin/../lib/gcc/arm-atollic-eabi/4.7.3/../../../../arm-atollic-eabi/lib/armv7e-m/fpu\libc_s.a(lib_a-malloc.o) (_malloc_r)
d:/programme/truestudio for arm lite 4.0.1/armtools/bin/../lib/gcc/arm-atollic-eabi/4.7.3/../../../../arm-atollic-eabi/lib/armv7e-m/fpu\libc_s.a(lib_a-sbrkr.o)
                              d:/programme/truestudio for arm lite 4.0.1/armtools/bin/../lib/gcc/arm-atollic-eabi/4.7.3/../../../../arm-atollic-eabi/lib/armv7e-m/fpu\libc_s.a(lib_a-mallocr.o) (_sbrk_r)
d:/programme/truestudio for arm lite 4.0.1/armtools/bin/../lib/gcc/arm-atollic-eabi/4.7.3/../../../../arm-atollic-eabi/lib/armv7e-m/fpu\libc_s.a(lib_a-syscalls.o)
                              d:/programme/truestudio for arm lite 4.0.1/armtools/bin/../lib/gcc/arm-atollic-eabi/4.7.3/../../../../arm-atollic-eabi/lib/armv7e-m/fpu\libc_s.a(lib_a-sbrkr.o) (_sbrk)
d:/programme/truestudio for arm lite 4.0.1/armtools/bin/../lib/gcc/arm-atollic-eabi/4.7.3/../../../../arm-atollic-eabi/lib/armv7e-m/fpu\libc_s.a(lib_a-freer.o)
                              d:/programme/truestudio for arm lite 4.0.1/armtools/bin/../lib/gcc/arm-atollic-eabi/4.7.3/../../../../arm-atollic-eabi/lib/armv7e-m/fpu\libc_s.a(lib_a-malloc.o) (_free_r)
d:/programme/truestudio for arm lite 4.0.1/armtools/bin/../lib/gcc/arm-atollic-eabi/4.7.3/../../../../arm-atollic-eabi/lib/armv7e-m/fpu\libc_s.a(lib_a-impure.o)
                              d:/programme/truestudio for arm lite 4.0.1/armtools/bin/../lib/gcc/arm-atollic-eabi/4.7.3/../../../../arm-atollic-eabi/lib/armv7e-m/fpu\libc_s.a(lib_a-malloc.o) (_impure_ptr)
d:/programme/truestudio for arm lite 4.0.1/armtools/bin/../lib/gcc/arm-atollic-eabi/4.7.3/../../../../arm-atollic-eabi/lib/armv7e-m/fpu\libc_s.a(lib_a-reent.o)
                              d:/programme/truestudio for arm lite 4.0.1/armtools/bin/../lib/gcc/arm-atollic-eabi/4.7.3/../../../../arm-atollic-eabi/lib/armv7e-m/fpu\libc_s.a(lib_a-sbrkr.o) (errno)

Allocating common symbols
Common symbol       size              file

errno               0x4               d:/programme/truestudio for arm lite 4.0.1/armtools/bin/../lib/gcc/arm-atollic-eabi/4.7.3/../../../../arm-atollic-eabi/lib/armv7e-m/fpu\libc_s.a(lib_a-reent.o)
uart_sendqueue      0x8               src\uart.o
uart_incoming       0x14              src\uart.o
servo_cal           0x20              src\servo.o

Discarded input sections

 .text          0x00000000        0x0 d:/programme/truestudio for arm lite 4.0.1/armtools/bin/../lib/gcc/arm-atollic-eabi/4.7.3/armv7e-m/fpu/crti.o
 .data          0x00000000        0x0 d:/programme/truestudio for arm lite 4.0.1/armtools/bin/../lib/gcc/arm-atollic-eabi/4.7.3/armv7e-m/fpu/crti.o
 .bss           0x00000000        0x0 d:/programme/truestudio for arm lite 4.0.1/armtools/bin/../lib/gcc/arm-atollic-eabi/4.7.3/armv7e-m/fpu/crti.o
 .data          0x00000000        0x4 d:/programme/truestudio for arm lite 4.0.1/armtools/bin/../lib/gcc/arm-atollic-eabi/4.7.3/armv7e-m/fpu/crtbegin.o
 .text          0x00000000        0x0 src\uart.o
 .data          0x00000000        0x0 src\uart.o
 .bss           0x00000000        0x0 src\uart.o
 .text.uart_enable
                0x00000000       0x20 src\uart.o
 .text.uart_enable_all
                0x00000000       0x18 src\uart.o
 .text          0x00000000        0x0 src\support.o
 .data          0x00000000        0x0 src\support.o
 .bss           0x00000000        0x0 src\support.o
 .text.sup_ringbuf_read
                0x00000000       0x54 src\support.o
 .text          0x00000000        0x0 src\servo.o
 .data          0x00000000        0x0 src\servo.o
 .bss           0x00000000        0x0 src\servo.o
 .text.servo_disable
                0x00000000       0x28 src\servo.o
 .text.servo_get_pos
                0x00000000       0x80 src\servo.o
 .text.servo_set_all
                0x00000000       0x4c src\servo.o
 .text.servo_cal_get
                0x00000000       0x54 src\servo.o
 .text.servo_cal_set
                0x00000000       0x58 src\servo.o
 .text          0x00000000        0x0 src\motor.o
 .data          0x00000000        0x0 src\motor.o
 .bss           0x00000000        0x0 src\motor.o
 .text.motor_disable
                0x00000000       0x28 src\motor.o
 .text.motor_get_speed
[...]
Memory Configuration

Name             Origin             Length             Attributes
FLASH            0x08000000         0x00040000         xr
RAM              0x20000000         0x0000a000         xrw
MEMORY_B1        0x60000000         0x00000000         xr
CCMRAM           0x10000000         0x00002000         rw
*default*        0x00000000         0xffffffff

Linker script and memory map

LOAD d:/programme/truestudio for arm lite 4.0.1/armtools/bin/../lib/gcc/arm-atollic-eabi/4.7.3/armv7e-m/fpu/crti.o
LOAD d:/programme/truestudio for arm lite 4.0.1/armtools/bin/../lib/gcc/arm-atollic-eabi/4.7.3/armv7e-m/fpu/crtbegin.o
LOAD src\uart.o
LOAD src\support.o
LOAD src\servo.o
LOAD src\motor.o
LOAD src\main.o
LOAD lib\system_stm32f30x.o
LOAD lib\stm32f3_std_driver\src\stm32f30x_wwdg.o
LOAD lib\stm32f3_std_driver\src\stm32f30x_usart.o
LOAD lib\stm32f3_std_driver\src\stm32f30x_tim.o
LOAD lib\stm32f3_std_driver\src\stm32f30x_syscfg.o
LOAD lib\stm32f3_std_driver\src\stm32f30x_spi.o
LOAD lib\stm32f3_std_driver\src\stm32f30x_rtc.o
LOAD lib\stm32f3_std_driver\src\stm32f30x_rcc.o
LOAD lib\stm32f3_std_driver\src\stm32f30x_pwr.o
LOAD lib\stm32f3_std_driver\src\stm32f30x_opamp.o
LOAD lib\stm32f3_std_driver\src\stm32f30x_misc.o
LOAD lib\stm32f3_std_driver\src\stm32f30x_iwdg.o
LOAD lib\stm32f3_std_driver\src\stm32f30x_i2c.o
LOAD lib\stm32f3_std_driver\src\stm32f30x_gpio.o
LOAD lib\stm32f3_std_driver\src\stm32f30x_flash.o
LOAD lib\stm32f3_std_driver\src\stm32f30x_exti.o
LOAD lib\stm32f3_std_driver\src\stm32f30x_dma.o
LOAD lib\stm32f3_std_driver\src\stm32f30x_dbgmcu.o
LOAD lib\stm32f3_std_driver\src\stm32f30x_dac.o
LOAD lib\stm32f3_std_driver\src\stm32f30x_crc.o
LOAD lib\stm32f3_std_driver\src\stm32f30x_comp.o
LOAD lib\stm32f3_std_driver\src\stm32f30x_can.o
LOAD lib\stm32f3_std_driver\src\stm32f30x_adc.o
LOAD lib\stm32f3_discovery\stm32f3_discovery_lsm303dlhc.o
LOAD lib\stm32f3_discovery\stm32f3_discovery_l3gd20.o
LOAD lib\stm32f3_discovery\stm32f3_discovery.o
LOAD lib\stm32f30x_it.o
LOAD lib\startup_stm32f30x.o
START GROUP
LOAD d:/programme/truestudio for arm lite 4.0.1/armtools/bin/../lib/gcc/arm-atollic-eabi/4.7.3/../../../../arm-atollic-eabi/lib/armv7e-m/fpu\libc_s.a
LOAD d:/programme/truestudio for arm lite 4.0.1/armtools/bin/../lib/gcc/arm-atollic-eabi/4.7.3/../../../../arm-atollic-eabi/lib/armv7e-m/fpu\libm.a
END GROUP
                0x00001000                malloc_getpagesize_P = 0x1000
START GROUP
LOAD d:/programme/truestudio for arm lite 4.0.1/armtools/bin/../lib/gcc/arm-atollic-eabi/4.7.3/armv7e-m/fpu\libgcc.a
LOAD d:/programme/truestudio for arm lite 4.0.1/armtools/bin/../lib/gcc/arm-atollic-eabi/4.7.3/../../../../arm-atollic-eabi/lib/armv7e-m/fpu\libc.a
END GROUP
LOAD d:/programme/truestudio for arm lite 4.0.1/armtools/bin/../lib/gcc/arm-atollic-eabi/4.7.3/armv7e-m/fpu/crtend.o
LOAD d:/programme/truestudio for arm lite 4.0.1/armtools/bin/../lib/gcc/arm-atollic-eabi/4.7.3/armv7e-m/fpu/crtn.o
                0x2000a000                _estack = 0x2000a000
                0x00000000                _Min_Heap_Size = 0x0
                0x00000200                _Min_Stack_Size = 0x200

.isr_vector     0x08000000      0x188
                0x08000000                . = ALIGN (0x4)
 *(.isr_vector)
 .isr_vector    0x08000000      0x188 lib\startup_stm32f30x.o
                0x08000000                g_pfnVectors
                0x08000188                . = ALIGN (0x4)

.text           0x08000188     0x2910
                0x08000188                . = ALIGN (0x4)
 *(.text)
 .text          0x08000188       0x54 d:/programme/truestudio for arm lite 4.0.1/armtools/bin/../lib/gcc/arm-atollic-eabi/4.7.3/armv7e-m/fpu/crtbegin.o
 *(.text*)
 .text.uart_init
                0x080001dc      0x110 src\uart.o
                0x080001dc                uart_init
 .text.uart_send
                0x080002ec       0x48 src\uart.o
                0x080002ec                uart_send
 .text.uart_receive
                0x08000334       0xd0 src\uart.o
                0x08000334                uart_receive
 .text.uart_process
                0x08000404       0x7c src\uart.o
                0x08000404                uart_process
 .text.uart_cmd_motor
                0x08000480       0x5c src\uart.o
                0x08000480                uart_cmd_motor
 .text.uart_cmd_servo
                0x080004dc       0x5c src\uart.o
                0x080004dc                uart_cmd_servo
 .text.uart_cmd_switch
                0x08000538       0x10 src\uart.o
                0x08000538                uart_cmd_switch
 .text.uart_cmd_stat
                0x08000548       0x4c src\uart.o
                0x08000548                uart_cmd_stat
 .text.uart_tx_int
                0x08000594       0x2c src\uart.o
                0x08000594                uart_tx_int
 .text.USART1_IRQHandler
                0x080005c0       0x90 src\uart.o
                0x080005c0                USART1_IRQHandler
 .text.sup_ringbuf_put
                0x08000650       0x5c src\support.o
                0x08000650                sup_ringbuf_put
 .text.sup_ringbuf_get
                0x080006ac       0x5c src\support.o
                0x080006ac                sup_ringbuf_get
 .text.sup_ringbuf_init
                0x08000708       0x44 src\support.o
                0x08000708                sup_ringbuf_init
 .text.sup_ringbuf_write
                0x0800074c       0x60 src\support.o
                0x0800074c                sup_ringbuf_write
 .text.servo_init
                0x080007ac      0x1c0 src\servo.o
                0x080007ac                servo_init
 .text.servo_enable
                0x0800096c       0x2c src\servo.o
                0x0800096c                servo_enable
 .text.servo_center
                0x08000998       0x34 src\servo.o
                0x08000998                servo_center
 .text.servo_center_all
                0x080009cc       0x28 src\servo.o
                0x080009cc                servo_center_all
 .text.servo_neutral
                0x080009f4       0x34 src\servo.o
                0x080009f4                servo_neutral
 .text.servo_neutral_all
                0x08000a28       0x28 src\servo.o
                0x08000a28                servo_neutral_all
 .text.servo_set
                0x08000a50       0xbc src\servo.o
                0x08000a50                servo_set
 .text.servo_set_cmd
                0x08000b0c       0xb4 src\servo.o
                0x08000b0c                servo_set_cmd
 .text.motor_init
                0x08000bc0      0x174 src\motor.o
                0x08000bc0                motor_init
 .text.motor_enable
                0x08000d34       0x2c src\motor.o
                0x08000d34                motor_enable
 .text.motor_set_speed
                0x08000d60       0xf0 src\motor.o
                0x08000d60                motor_set_speed
 .text.motor_set_dir
                0x08000e50       0x7c src\motor.o
                0x08000e50                motor_set_dir
 .text.motor_stop
                0x08000ecc       0x20 src\motor.o
                0x08000ecc                motor_stop
 .text.motor_stop_all
                0x08000eec       0x28 src\motor.o
                0x08000eec                motor_stop_all
 .text.motor_set_cmd
                0x08000f14       0xa0 src\motor.o
                0x08000f14                motor_set_cmd
 .text.NVIC_SetPriority
                0x08000fb4       0x5c src\main.o
 .text.SysTick_Config
                0x08001010       0x64 src\main.o
 .text.SysTick_Handler
                0x08001074       0x44 src\main.o
                0x08001074                SysTick_Handler
 .text.sys_init
                0x080010b8       0x18 src\main.o
                0x080010b8                sys_init
 .text.main     0x080010d0       0x80 src\main.o
                0x080010d0                main
 .text.SystemInit
                0x08001150       0xfc lib\system_stm32f30x.o
                0x08001150                SystemInit
 .text.SystemCoreClockUpdate
                0x0800124c      0x13c lib\system_stm32f30x.o
                0x0800124c                SystemCoreClockUpdate
 .text.SetSysClock
                0x08001388      0x170 lib\system_stm32f30x.o
 .text.USART_Init
                0x080014f8      0x190 lib\stm32f3_std_driver\src\stm32f30x_usart.o
                0x080014f8                USART_Init
 .text.USART_Cmd
                0x08001688       0x38 lib\stm32f3_std_driver\src\stm32f30x_usart.o
                0x08001688                USART_Cmd
 .text.USART_SendData
                0x080016c0       0x28 lib\stm32f3_std_driver\src\stm32f30x_usart.o
                0x080016c0                USART_SendData
 .text.USART_ReceiveData
                0x080016e8       0x24 lib\stm32f3_std_driver\src\stm32f30x_usart.o
                0x080016e8                USART_ReceiveData
 .text.USART_ITConfig
                0x0800170c       0x94 lib\stm32f3_std_driver\src\stm32f30x_usart.o
                0x0800170c                USART_ITConfig
 .text.USART_GetITStatus
                0x080017a0       0xb4 lib\stm32f3_std_driver\src\stm32f30x_usart.o
                0x080017a0                USART_GetITStatus
 .text.TIM_TimeBaseInit
                0x08001854      0x110 lib\stm32f3_std_driver\src\stm32f30x_tim.o
                0x08001854                TIM_TimeBaseInit
 .text.TIM_Cmd  0x08001964       0x40 lib\stm32f3_std_driver\src\stm32f30x_tim.o
                0x08001964                TIM_Cmd
 .text.TIM_OC1Init
                0x080019a4      0x128 lib\stm32f3_std_driver\src\stm32f30x_tim.o
                0x080019a4                TIM_OC1Init
 .text.TIM_OC2Init
                0x08001acc      0x118 lib\stm32f3_std_driver\src\stm32f30x_tim.o
                0x08001acc                TIM_OC2Init
 .text.TIM_OC3Init
                0x08001be4      0x110 lib\stm32f3_std_driver\src\stm32f30x_tim.o
                0x08001be4                TIM_OC3Init
 .text.TIM_OC4Init
                0x08001cf4       0xd4 lib\stm32f3_std_driver\src\stm32f30x_tim.o
                0x08001cf4                TIM_OC4Init
 .text.TIM_SetCompare1
                0x08001dc8       0x1c lib\stm32f3_std_driver\src\stm32f30x_tim.o
                0x08001dc8                TIM_SetCompare1
 .text.TIM_SetCompare2
                0x08001de4       0x1c lib\stm32f3_std_driver\src\stm32f30x_tim.o
                0x08001de4                TIM_SetCompare2
 .text.TIM_SetCompare3
                0x08001e00       0x1c lib\stm32f3_std_driver\src\stm32f30x_tim.o
                0x08001e00                TIM_SetCompare3
 .text.TIM_SetCompare4
                0x08001e1c       0x1c lib\stm32f3_std_driver\src\stm32f30x_tim.o
                0x08001e1c                TIM_SetCompare4
 .text.TIM_CtrlPWMOutputs
                0x08001e38       0x3c lib\stm32f3_std_driver\src\stm32f30x_tim.o
                0x08001e38                TIM_CtrlPWMOutputs
 .text.RCC_GetClocksFreq
                0x08001e74      0x550 lib\stm32f3_std_driver\src\stm32f30x_rcc.o
                0x08001e74                RCC_GetClocksFreq
 .text.RCC_AHBPeriphClockCmd
                0x080023c4       0x54 lib\stm32f3_std_driver\src\stm32f30x_rcc.o
                0x080023c4                RCC_AHBPeriphClockCmd
 .text.RCC_APB2PeriphClockCmd
                0x08002418       0x54 lib\stm32f3_std_driver\src\stm32f30x_rcc.o
                0x08002418                RCC_APB2PeriphClockCmd
 .text.RCC_APB1PeriphClockCmd
                0x0800246c       0x54 lib\stm32f3_std_driver\src\stm32f30x_rcc.o
                0x0800246c                RCC_APB1PeriphClockCmd
 .text.NVIC_Init
                0x080024c0       0xe8 lib\stm32f3_std_driver\src\stm32f30x_misc.o
                0x080024c0                NVIC_Init
 .text.GPIO_Init
                0x080025a8      0x150 lib\stm32f3_std_driver\src\stm32f30x_gpio.o
                0x080025a8                GPIO_Init
 .text.GPIO_SetBits
                0x080026f8       0x1c lib\stm32f3_std_driver\src\stm32f30x_gpio.o
                0x080026f8                GPIO_SetBits
 .text.GPIO_ResetBits
                0x08002714       0x1c lib\stm32f3_std_driver\src\stm32f30x_gpio.o
                0x08002714                GPIO_ResetBits
 .text.GPIO_PinAFConfig
                0x08002730       0xa8 lib\stm32f3_std_driver\src\stm32f30x_gpio.o
                0x08002730                GPIO_PinAFConfig
 .text.STM_EVAL_LEDInit
                0x080027d8       0x6c lib\stm32f3_discovery\stm32f3_discovery.o
                0x080027d8                STM_EVAL_LEDInit
 .text.STM_EVAL_LEDToggle
                0x08002844       0x48 lib\stm32f3_discovery\stm32f3_discovery.o
                0x08002844                STM_EVAL_LEDToggle
 .text.NMI_Handler
                0x0800288c        0xc lib\stm32f30x_it.o
                0x0800288c                NMI_Handler
 .text.HardFault_Handler
                0x08002898        0x8 lib\stm32f30x_it.o
                0x08002898                HardFault_Handler
 .text.MemManage_Handler
                0x080028a0        0x8 lib\stm32f30x_it.o
                0x080028a0                MemManage_Handler
 .text.BusFault_Handler
                0x080028a8        0x8 lib\stm32f30x_it.o
                0x080028a8                BusFault_Handler
 .text.UsageFault_Handler
                0x080028b0        0x8 lib\stm32f30x_it.o
                0x080028b0                UsageFault_Handler
 .text.SVC_Handler
                0x080028b8        0xc lib\stm32f30x_it.o
                0x080028b8                SVC_Handler
 .text.DebugMon_Handler
                0x080028c4        0xc lib\stm32f30x_it.o
                0x080028c4                DebugMon_Handler
 .text.PendSV_Handler
                0x080028d0        0xc lib\stm32f30x_it.o
                0x080028d0                PendSV_Handler
 .text.Reset_Handler
                0x080028dc       0x5c lib\startup_stm32f30x.o
                0x080028dc                Reset_Handler
 .text.Default_Handler
                0x08002938        0x4 lib\startup_stm32f30x.o
                0x08002938                RTC_Alarm_IRQHandler
                0x08002938                TIM8_TRG_COM_IRQHandler
                0x08002938                TIM8_CC_IRQHandler
                0x08002938                TIM1_CC_IRQHandler
                0x08002938                USB_HP_IRQHandler
                0x08002938                PVD_IRQHandler
                0x08002938                EXTI3_IRQHandler
                0x08002938                EXTI0_IRQHandler
                0x08002938                I2C2_EV_IRQHandler
                0x08002938                FPU_IRQHandler
                0x08002938                EXTI2_TS_IRQHandler
                0x08002938                TIM1_UP_TIM16_IRQHandler
                0x08002938                ADC1_2_IRQHandler
                0x08002938                SPI1_IRQHandler
                0x08002938                TIM6_DAC_IRQHandler
                0x08002938                TIM8_UP_IRQHandler
                0x08002938                DMA2_Channel2_IRQHandler
                0x08002938                DMA1_Channel4_IRQHandler
                0x08002938                USART3_IRQHandler
                0x08002938                DMA1_Channel7_IRQHandler
                0x08002938                CAN1_RX1_IRQHandler
                0x08002938                UART5_IRQHandler
                0x08002938                ADC3_IRQHandler
                0x08002938                TIM4_IRQHandler
                0x08002938                DMA2_Channel1_IRQHandler
                0x08002938                I2C1_EV_IRQHandler
                0x08002938                DMA1_Channel6_IRQHandler
                0x08002938                UART4_IRQHandler
                0x08002938                DMA2_Channel4_IRQHandler
                0x08002938                TIM3_IRQHandler
                0x08002938                RCC_IRQHandler
                0x08002938                DMA1_Channel1_IRQHandler
                0x08002938                Default_Handler
                0x08002938                USBWakeUp_RMP_IRQHandler
                0x08002938                EXTI15_10_IRQHandler
                0x08002938                TIM7_IRQHandler
                0x08002938                EXTI9_5_IRQHandler
                0x08002938                TAMPER_STAMP_IRQHandler
                0x08002938                RTC_WKUP_IRQHandler
                0x08002938                SPI2_IRQHandler
                0x08002938                DMA2_Channel5_IRQHandler
                0x08002938                DMA1_Channel5_IRQHandler
                0x08002938                USB_LP_IRQHandler
                0x08002938                EXTI4_IRQHandler
                0x08002938                USB_LP_CAN1_RX0_IRQHandler
                0x08002938                TIM1_TRG_COM_TIM17_IRQHandler
                0x08002938                USB_HP_CAN1_TX_IRQHandler
                0x08002938                DMA1_Channel3_IRQHandler
                0x08002938                ADC4_IRQHandler
                0x08002938                WWDG_IRQHandler
                0x08002938                TIM2_IRQHandler
                0x08002938                COMP7_IRQHandler
                0x08002938                COMP1_2_3_IRQHandler
                0x08002938                EXTI1_IRQHandler
                0x08002938                USART2_IRQHandler
                0x08002938                COMP4_5_6_IRQHandler
                0x08002938                I2C2_ER_IRQHandler
                0x08002938                DMA1_Channel2_IRQHandler
                0x08002938                TIM8_BRK_IRQHandler
                0x08002938                CAN1_SCE_IRQHandler
                0x08002938                FLASH_IRQHandler
                0x08002938                SPI3_IRQHandler
                0x08002938                I2C1_ER_IRQHandler
                0x08002938                USBWakeUp_IRQHandler
                0x08002938                DMA2_Channel3_IRQHandler
                0x08002938                TIM1_BRK_TIM15_IRQHandler
 .text.__libc_init_array
                0x0800293c       0x4c d:/programme/truestudio for arm lite 4.0.1/armtools/bin/../lib/gcc/arm-atollic-eabi/4.7.3/../../../../arm-atollic-eabi/lib/armv7e-m/fpu\libc_s.a(lib_a-init.o)
                0x0800293c                __libc_init_array
 .text.malloc   0x08002988       0x10 d:/programme/truestudio for arm lite 4.0.1/armtools/bin/../lib/gcc/arm-atollic-eabi/4.7.3/../../../../arm-atollic-eabi/lib/armv7e-m/fpu\libc_s.a(lib_a-malloc.o)
                0x08002988                malloc
 .text._malloc_r
                0x08002998       0x94 d:/programme/truestudio for arm lite 4.0.1/armtools/bin/../lib/gcc/arm-atollic-eabi/4.7.3/../../../../arm-atollic-eabi/lib/armv7e-m/fpu\libc_s.a(lib_a-mallocr.o)
                0x08002998                _malloc_r
 .text._sbrk_r  0x08002a2c       0x20 d:/programme/truestudio for arm lite 4.0.1/armtools/bin/../lib/gcc/arm-atollic-eabi/4.7.3/../../../../arm-atollic-eabi/lib/armv7e-m/fpu\libc_s.a(lib_a-sbrkr.o)
                0x08002a2c                _sbrk_r
 .text._sbrk    0x08002a4c       0x34 d:/programme/truestudio for arm lite 4.0.1/armtools/bin/../lib/gcc/arm-atollic-eabi/4.7.3/../../../../arm-atollic-eabi/lib/armv7e-m/fpu\libc_s.a(lib_a-syscalls.o)
                0x08002a4c                _sbrk
 *(.glue_7)
 .glue_7        0x00000000        0x0 linker stubs
 *(.glue_7t)
 .glue_7t       0x00000000        0x0 linker stubs
 *(.eh_frame)
 .eh_frame      0x08002a80        0x0 d:/programme/truestudio for arm lite 4.0.1/armtools/bin/../lib/gcc/arm-atollic-eabi/4.7.3/armv7e-m/fpu/crtbegin.o
 *(.init)
 .init          0x08002a80        0x4 d:/programme/truestudio for arm lite 4.0.1/armtools/bin/../lib/gcc/arm-atollic-eabi/4.7.3/armv7e-m/fpu/crti.o
                0x08002a80                _init
 .init          0x08002a84        0x8 d:/programme/truestudio for arm lite 4.0.1/armtools/bin/../lib/gcc/arm-atollic-eabi/4.7.3/armv7e-m/fpu/crtn.o
 *(.fini)
 .fini          0x08002a8c        0x4 d:/programme/truestudio for arm lite 4.0.1/armtools/bin/../lib/gcc/arm-atollic-eabi/4.7.3/armv7e-m/fpu/crti.o
                0x08002a8c                _fini
 .fini          0x08002a90        0x8 d:/programme/truestudio for arm lite 4.0.1/armtools/bin/../lib/gcc/arm-atollic-eabi/4.7.3/armv7e-m/fpu/crtn.o
                0x08002a98                . = ALIGN (0x4)
                0x08002a98                _etext = .

.vfp11_veneer   0x08002a98        0x0
 .vfp11_veneer  0x00000000        0x0 linker stubs

.v4_bx          0x08002a98        0x0
 .v4_bx         0x00000000        0x0 linker stubs

.iplt           0x08002a98        0x0
 .iplt          0x00000000        0x0 d:/programme/truestudio for arm lite 4.0.1/armtools/bin/../lib/gcc/arm-atollic-eabi/4.7.3/armv7e-m/fpu/crtbegin.o

.rodata         0x08002a98       0x34
                0x08002a98                . = ALIGN (0x4)
 *(.rodata)
 *(.rodata*)
 .rodata.GPIO_PIN
                0x08002a98       0x10 lib\stm32f3_discovery\stm32f3_discovery.o
                0x08002a98                GPIO_PIN
 .rodata.GPIO_CLK
                0x08002aa8       0x20 lib\stm32f3_discovery\stm32f3_discovery.o
                0x08002aa8                GPIO_CLK
 .rodata.str1.1
                0x08002ac8        0x2 d:/programme/truestudio for arm lite 4.0.1/armtools/bin/../lib/gcc/arm-atollic-eabi/4.7.3/../../../../arm-atollic-eabi/lib/armv7e-m/fpu\libc_s.a(lib_a-impure.o)
                0x08002acc                . = ALIGN (0x4)
 *fill*         0x08002aca        0x2 00

.rel.dyn        0x08002acc        0x0
 .rel.iplt      0x00000000        0x0 d:/programme/truestudio for arm lite 4.0.1/armtools/bin/../lib/gcc/arm-atollic-eabi/4.7.3/armv7e-m/fpu/crtbegin.o

.ARM.extab
 *(.ARM.extab* .gnu.linkonce.armextab.*)

.ARM            0x08002acc        0x0
                0x08002acc                __exidx_start = .
 *(.ARM.exidx*)
                0x08002acc                __exidx_end = .

.preinit_array  0x08002acc        0x0
                0x08002acc                PROVIDE (__preinit_array_start, .)
 *(.preinit_array*)
                0x08002acc                PROVIDE (__preinit_array_end, .)

.init_array     0x08002acc        0x4
                0x08002acc                PROVIDE (__init_array_start, .)
 *(SORT(.init_array.*))
 *(.init_array*)
 .init_array    0x08002acc        0x4 d:/programme/truestudio for arm lite 4.0.1/armtools/bin/../lib/gcc/arm-atollic-eabi/4.7.3/armv7e-m/fpu/crtbegin.o
                0x08002ad0                PROVIDE (__init_array_end, .)

.fini_array     0x08002ad0        0x4
                0x08002ad0                PROVIDE (__fini_array_start, .)
 *(SORT(.fini_array.*))
 *(.fini_array*)
 .fini_array    0x08002ad0        0x4 d:/programme/truestudio for arm lite 4.0.1/armtools/bin/../lib/gcc/arm-atollic-eabi/4.7.3/armv7e-m/fpu/crtbegin.o
                0x08002ad4                PROVIDE (__fini_array_end, .)
                0x08002ad4                _sidata = LOADADDR (.data)

.data           0x20000000       0xc8 load address 0x08002ad4
                0x20000000                . = ALIGN (0x4)
                0x20000000                _sdata = .
 *(.data)
 *(.data*)
 .data.SystemCoreClock
                0x20000000        0x4 lib\system_stm32f30x.o
                0x20000000                SystemCoreClock
 .data.AHBPrescTable
                0x20000004       0x10 lib\system_stm32f30x.o
                0x20000004                AHBPrescTable
 .data.APBAHBPrescTable
                0x20000014       0x10 lib\stm32f3_std_driver\src\stm32f30x_rcc.o
 .data.ADCPrescTable
                0x20000024       0x1c lib\stm32f3_std_driver\src\stm32f30x_rcc.o
 .data.GPIO_PORT
                0x20000040       0x20 lib\stm32f3_discovery\stm32f3_discovery.o
                0x20000040                GPIO_PORT
 .data.impure_data
                0x20000060       0x64 d:/programme/truestudio for arm lite 4.0.1/armtools/bin/../lib/gcc/arm-atollic-eabi/4.7.3/../../../../arm-atollic-eabi/lib/armv7e-m/fpu\libc_s.a(lib_a-impure.o)
 .data._impure_ptr
                0x200000c4        0x4 d:/programme/truestudio for arm lite 4.0.1/armtools/bin/../lib/gcc/arm-atollic-eabi/4.7.3/../../../../arm-atollic-eabi/lib/armv7e-m/fpu\libc_s.a(lib_a-impure.o)
                0x200000c4                _impure_ptr
                0x200000c8                . = ALIGN (0x4)
                0x200000c8                _edata = .
                0x08002b9c                _siccmram = LOADADDR (.ccmram)

.jcr            0x200000c8        0x0 load address 0x08002b9c
 .jcr           0x200000c8        0x0 d:/programme/truestudio for arm lite 4.0.1/armtools/bin/../lib/gcc/arm-atollic-eabi/4.7.3/armv7e-m/fpu/crtbegin.o

.igot.plt       0x200000c8        0x0 load address 0x08002b9c
 .igot.plt      0x00000000        0x0 d:/programme/truestudio for arm lite 4.0.1/armtools/bin/../lib/gcc/arm-atollic-eabi/4.7.3/armv7e-m/fpu/crtbegin.o

.ccmram         0x10000000        0x0 load address 0x08002b9c
                0x10000000                . = ALIGN (0x4)
                0x10000000                _sccmram = .
 *(.ccmram)
 *(.ccmram*)
                0x10000000                . = ALIGN (0x4)
                0x10000000                _eccmram = .
                0x10000000                . = ALIGN (0x4)

.bss            0x200000c8       0x68
                0x200000c8                _sbss = .
                0x200000c8                __bss_start__ = _sbss
 *(.bss)
 .bss           0x200000c8       0x1c d:/programme/truestudio for arm lite 4.0.1/armtools/bin/../lib/gcc/arm-atollic-eabi/4.7.3/armv7e-m/fpu/crtbegin.o
 *(.bss*)
 .bss.sys_tick  0x200000e4        0x4 src\main.o
                0x200000e4                sys_tick
 .bss.__malloc_free_list
                0x200000e8        0x4 d:/programme/truestudio for arm lite 4.0.1/armtools/bin/../lib/gcc/arm-atollic-eabi/4.7.3/../../../../arm-atollic-eabi/lib/armv7e-m/fpu\libc_s.a(lib_a-mallocr.o)
                0x200000e8                __malloc_free_list
 .bss.heap_end.5107
                0x200000ec        0x4 d:/programme/truestudio for arm lite 4.0.1/armtools/bin/../lib/gcc/arm-atollic-eabi/4.7.3/../../../../arm-atollic-eabi/lib/armv7e-m/fpu\libc_s.a(lib_a-syscalls.o)
 *(COMMON)
 COMMON         0x200000f0       0x1c src\uart.o
                0x200000f0                uart_sendqueue
                0x200000f8                uart_incoming
 COMMON         0x2000010c       0x20 src\servo.o
                0x2000010c                servo_cal
 COMMON         0x2000012c        0x4 d:/programme/truestudio for arm lite 4.0.1/armtools/bin/../lib/gcc/arm-atollic-eabi/4.7.3/../../../../arm-atollic-eabi/lib/armv7e-m/fpu\libc_s.a(lib_a-reent.o)
                0x2000012c                errno
                0x20000130                . = ALIGN (0x4)
                0x20000130                _ebss = .
                0x20000130                __bss_end__ = _ebss

._user_heap_stack
                0x20000130      0x200
                0x20000130                . = ALIGN (0x4)
                0x20000130                PROVIDE (end, .)
                0x20000130                PROVIDE (_end, .)
                0x20000130                . = (. + _Min_Heap_Size)
                0x20000330                . = (. + _Min_Stack_Size)
 *fill*         0x20000130      0x200 00
                0x20000330                . = ALIGN (0x4)

.memory_b1_text
 *(.mb1text)
 *(.mb1text*)
 *(.mb1rodata)
 *(.mb1rodata*)

/DISCARD/
 libc.a(*)
 libm.a(*)
 libgcc.a(*)

.ARM.attributes
                0x00000000       0x32
 *(.ARM.attributes)
 .ARM.attributes
                0x00000000       0x24 d:/programme/truestudio for arm lite 4.0.1/armtools/bin/../lib/gcc/arm-atollic-eabi/4.7.3/armv7e-m/fpu/crti.o
 .ARM.attributes
                0x00000024       0x36 d:/programme/truestudio for arm lite 4.0.1/armtools/bin/../lib/gcc/arm-atollic-eabi/4.7.3/armv7e-m/fpu/crtbegin.o
 .ARM.attributes
                0x0000005a       0x3b src\uart.o
 .ARM.attributes
                0x00000095       0x3b src\support.o
 .ARM.attributes
                0x000000d0       0x3b src\servo.o
 .ARM.attributes
                0x0000010b       0x3b src\motor.o
 .ARM.attributes
                0x00000146       0x3b src\main.o
 .ARM.attributes
                0x00000181       0x3b lib\system_stm32f30x.o
 .ARM.attributes
                0x000001bc       0x3b lib\stm32f3_std_driver\src\stm32f30x_usart.o
 .ARM.attributes
                0x000001f7       0x3b lib\stm32f3_std_driver\src\stm32f30x_tim.o
 .ARM.attributes
                0x00000232       0x3b lib\stm32f3_std_driver\src\stm32f30x_rcc.o
 .ARM.attributes
                0x0000026d       0x3b lib\stm32f3_std_driver\src\stm32f30x_misc.o
 .ARM.attributes
                0x000002a8       0x3b lib\stm32f3_std_driver\src\stm32f30x_gpio.o
 .ARM.attributes
                0x000002e3       0x3b lib\stm32f3_discovery\stm32f3_discovery.o
 .ARM.attributes
                0x0000031e       0x3b lib\stm32f30x_it.o
 .ARM.attributes
                0x00000359       0x21 lib\startup_stm32f30x.o
 .ARM.attributes
                0x0000037a       0x36 d:/programme/truestudio for arm lite 4.0.1/armtools/bin/../lib/gcc/arm-atollic-eabi/4.7.3/../../../../arm-atollic-eabi/lib/armv7e-m/fpu\libc_s.a(lib_a-init.o)
 .ARM.attributes
                0x000003b0       0x36 d:/programme/truestudio for arm lite 4.0.1/armtools/bin/../lib/gcc/arm-atollic-eabi/4.7.3/../../../../arm-atollic-eabi/lib/armv7e-m/fpu\libc_s.a(lib_a-malloc.o)
 .ARM.attributes
                0x000003e6       0x36 d:/programme/truestudio for arm lite 4.0.1/armtools/bin/../lib/gcc/arm-atollic-eabi/4.7.3/../../../../arm-atollic-eabi/lib/armv7e-m/fpu\libc_s.a(lib_a-mallocr.o)
 .ARM.attributes
                0x0000041c       0x36 d:/programme/truestudio for arm lite 4.0.1/armtools/bin/../lib/gcc/arm-atollic-eabi/4.7.3/../../../../arm-atollic-eabi/lib/armv7e-m/fpu\libc_s.a(lib_a-sbrkr.o)
 .ARM.attributes
                0x00000452       0x36 d:/programme/truestudio for arm lite 4.0.1/armtools/bin/../lib/gcc/arm-atollic-eabi/4.7.3/../../../../arm-atollic-eabi/lib/armv7e-m/fpu\libc_s.a(lib_a-syscalls.o)
 .ARM.attributes
                0x00000488       0x36 d:/programme/truestudio for arm lite 4.0.1/armtools/bin/../lib/gcc/arm-atollic-eabi/4.7.3/../../../../arm-atollic-eabi/lib/armv7e-m/fpu\libc_s.a(lib_a-impure.o)
 .ARM.attributes
                0x000004be       0x36 d:/programme/truestudio for arm lite 4.0.1/armtools/bin/../lib/gcc/arm-atollic-eabi/4.7.3/../../../../arm-atollic-eabi/lib/armv7e-m/fpu\libc_s.a(lib_a-reent.o)
 .ARM.attributes
                0x000004f4       0x24 d:/programme/truestudio for arm lite 4.0.1/armtools/bin/../lib/gcc/arm-atollic-eabi/4.7.3/armv7e-m/fpu/crtn.o
OUTPUT(FuckupLCU.elf elf32-littlearm)

.debug_info     0x00000000     0x821f
 .debug_info    0x00000000      0x9f0 src\uart.o
 .debug_info    0x000009f0      0x274 src\support.o
 .debug_info    0x00000c64      0x8a5 src\servo.o
 .debug_info    0x00001509      0x898 src\motor.o
 .debug_info    0x00001da1      0xa21 src\main.o
 .debug_info    0x000027c2      0x4dd lib\system_stm32f30x.o
 .debug_info    0x00002c9f      0xfe1 lib\stm32f3_std_driver\src\stm32f30x_usart.o
 .debug_info    0x00003c80     0x2404 lib\stm32f3_std_driver\src\stm32f30x_tim.o
 .debug_info    0x00006084      0xb85 lib\stm32f3_std_driver\src\stm32f30x_rcc.o
 .debug_info    0x00006c09      0x596 lib\stm32f3_std_driver\src\stm32f30x_misc.o
 .debug_info    0x0000719f      0x63f lib\stm32f3_std_driver\src\stm32f30x_gpio.o
 .debug_info    0x000077de      0x88f lib\stm32f3_discovery\stm32f3_discovery.o
 .debug_info    0x0000806d      0x145 lib\stm32f30x_it.o
 .debug_info    0x000081b2       0x6d lib\startup_stm32f30x.o

.debug_abbrev   0x00000000     0x130d
 .debug_abbrev  0x00000000      0x1b3 src\uart.o
 .debug_abbrev  0x000001b3      0x118 src\support.o
 .debug_abbrev  0x000002cb      0x1aa src\servo.o
 .debug_abbrev  0x00000475      0x17a src\motor.o
 .debug_abbrev  0x000005ef      0x245 src\main.o
 .debug_abbrev  0x00000834      0x149 lib\system_stm32f30x.o
 .debug_abbrev  0x0000097d      0x159 lib\stm32f3_std_driver\src\stm32f30x_usart.o
 .debug_abbrev  0x00000ad6      0x18b lib\stm32f3_std_driver\src\stm32f30x_tim.o
 .debug_abbrev  0x00000c61      0x1e7 lib\stm32f3_std_driver\src\stm32f30x_rcc.o
 .debug_abbrev  0x00000e48      0x12b lib\stm32f3_std_driver\src\stm32f30x_misc.o
 .debug_abbrev  0x00000f73      0x198 lib\stm32f3_std_driver\src\stm32f30x_gpio.o
 .debug_abbrev  0x0000110b      0x187 lib\stm32f3_discovery\stm32f3_discovery.o
 .debug_abbrev  0x00001292       0x69 lib\stm32f30x_it.o
 .debug_abbrev  0x000012fb       0x12 lib\startup_stm32f30x.o

.debug_loc      0x00000000     0x3eac
 .debug_loc     0x00000000      0x27c src\uart.o
 .debug_loc     0x0000027c      0x118 src\support.o
 .debug_loc     0x00000394      0x2a8 src\servo.o
 .debug_loc     0x0000063c      0x37c src\motor.o
 .debug_loc     0x000009b8      0x1aa src\main.o
 .debug_loc     0x00000b62       0x9c lib\system_stm32f30x.o
 .debug_loc     0x00000bfe      0xaba lib\stm32f3_std_driver\src\stm32f30x_usart.o
 .debug_loc     0x000016b8     0x18f0 lib\stm32f3_std_driver\src\stm32f30x_tim.o
 .debug_loc     0x00002fa8      0x864 lib\stm32f3_std_driver\src\stm32f30x_rcc.o
 .debug_loc     0x0000380c      0x118 lib\stm32f3_std_driver\src\stm32f30x_misc.o
 .debug_loc     0x00003924      0x2d8 lib\stm32f3_std_driver\src\stm32f30x_gpio.o
 .debug_loc     0x00003bfc      0x150 lib\stm32f3_discovery\stm32f3_discovery.o
 .debug_loc     0x00003d4c      0x160 lib\stm32f30x_it.o

.debug_aranges  0x00000000      0xa80
 .debug_aranges
                0x00000000       0x78 src\uart.o
 .debug_aranges
                0x00000078       0x40 src\support.o
 .debug_aranges
                0x000000b8       0x80 src\servo.o
 .debug_aranges
                0x00000138       0xa0 src\motor.o
 .debug_aranges
                0x000001d8       0x58 src\main.o
 .debug_aranges
                0x00000230       0x30 lib\system_stm32f30x.o
 .debug_aranges
                0x00000260      0x1a0 lib\stm32f3_std_driver\src\stm32f30x_usart.o
 .debug_aranges
                0x00000400      0x3a8 lib\stm32f3_std_driver\src\stm32f30x_tim.o
 .debug_aranges
                0x000007a8      0x150 lib\stm32f3_std_driver\src\stm32f30x_rcc.o
 .debug_aranges
                0x000008f8       0x40 lib\stm32f3_std_driver\src\stm32f30x_misc.o
 .debug_aranges
                0x00000938       0x80 lib\stm32f3_std_driver\src\stm32f30x_gpio.o
 .debug_aranges
                0x000009b8       0x48 lib\stm32f3_discovery\stm32f3_discovery.o
 .debug_aranges
                0x00000a00       0x58 lib\stm32f30x_it.o
 .debug_aranges
                0x00000a58       0x28 lib\startup_stm32f30x.o

.debug_ranges   0x00000000      0x9a8
 .debug_ranges  0x00000000       0x68 src\uart.o
 .debug_ranges  0x00000068       0x30 src\support.o
 .debug_ranges  0x00000098       0x70 src\servo.o
 .debug_ranges  0x00000108       0x90 src\motor.o
 .debug_ranges  0x00000198       0x48 src\main.o
 .debug_ranges  0x000001e0       0x20 lib\system_stm32f30x.o
 .debug_ranges  0x00000200      0x190 lib\stm32f3_std_driver\src\stm32f30x_usart.o
 .debug_ranges  0x00000390      0x398 lib\stm32f3_std_driver\src\stm32f30x_tim.o
 .debug_ranges  0x00000728      0x140 lib\stm32f3_std_driver\src\stm32f30x_rcc.o
 .debug_ranges  0x00000868       0x30 lib\stm32f3_std_driver\src\stm32f30x_misc.o
 .debug_ranges  0x00000898       0x70 lib\stm32f3_std_driver\src\stm32f30x_gpio.o
 .debug_ranges  0x00000908       0x38 lib\stm32f3_discovery\stm32f3_discovery.o
 .debug_ranges  0x00000940       0x48 lib\stm32f30x_it.o
 .debug_ranges  0x00000988       0x20 lib\startup_stm32f30x.o

.debug_line     0x00000000     0x2d21
 .debug_line    0x00000000      0x2d2 src\uart.o
 .debug_line    0x000002d2      0x1a8 src\support.o
 .debug_line    0x0000047a      0x2b2 src\servo.o
 .debug_line    0x0000072c      0x2f6 src\motor.o
 .debug_line    0x00000a22      0x262 src\main.o
 .debug_line    0x00000c84      0x1a0 lib\system_stm32f30x.o
 .debug_line    0x00000e24      0x595 lib\stm32f3_std_driver\src\stm32f30x_usart.o
 .debug_line    0x000013b9      0xbce lib\stm32f3_std_driver\src\stm32f30x_tim.o
 .debug_line    0x00001f87      0x50b lib\stm32f3_std_driver\src\stm32f30x_rcc.o
 .debug_line    0x00002492      0x1d3 lib\stm32f3_std_driver\src\stm32f30x_misc.o
 .debug_line    0x00002665      0x29f lib\stm32f3_std_driver\src\stm32f30x_gpio.o
 .debug_line    0x00002904      0x229 lib\stm32f3_discovery\stm32f3_discovery.o
 .debug_line    0x00002b2d      0x17b lib\stm32f30x_it.o
 .debug_line    0x00002ca8       0x79 lib\startup_stm32f30x.o

.debug_str      0x00000000     0x2dcb
 .debug_str     0x00000000      0x974 src\uart.o
                                0x9cf (size before relaxing)
 .debug_str     0x00000974       0x65 src\support.o
                                0x1b3 (size before relaxing)
 .debug_str     0x000009d9      0x2ca src\servo.o
                                0x5c3 (size before relaxing)
 .debug_str     0x00000ca3      0x160 src\motor.o
                                0x5f9 (size before relaxing)
 .debug_str     0x00000e03      0x166 src\main.o
                                0x77f (size before relaxing)
 .debug_str     0x00000f69      0x107 lib\system_stm32f30x.o
                                0x2b1 (size before relaxing)
 .debug_str     0x00001070      0x78b lib\stm32f3_std_driver\src\stm32f30x_usart.o
                                0x9bf (size before relaxing)
 .debug_str     0x000017fb      0xbd8 lib\stm32f3_std_driver\src\stm32f30x_tim.o
                                0xf37 (size before relaxing)
 .debug_str     0x000023d3      0x45f lib\stm32f3_std_driver\src\stm32f30x_rcc.o
                                0x7b4 (size before relaxing)
 .debug_str     0x00002832      0x102 lib\stm32f3_std_driver\src\stm32f30x_misc.o
                                0x399 (size before relaxing)
 .debug_str     0x00002934      0x178 lib\stm32f3_std_driver\src\stm32f30x_gpio.o
                                0x45f (size before relaxing)
 .debug_str     0x00002aac      0x289 lib\stm32f3_discovery\stm32f3_discovery.o
                                0xa3d (size before relaxing)
 .debug_str     0x00002d35       0x96 lib\stm32f30x_it.o
                                0x1af (size before relaxing)

.comment        0x00000000       0x83
 .comment       0x00000000       0x83 src\uart.o
                                 0x84 (size before relaxing)
 .comment       0x00000000       0x84 src\support.o
 .comment       0x00000000       0x84 src\servo.o
 .comment       0x00000000       0x84 src\motor.o
 .comment       0x00000000       0x84 src\main.o
 .comment       0x00000000       0x84 lib\system_stm32f30x.o
 .comment       0x00000000       0x84 lib\stm32f3_std_driver\src\stm32f30x_usart.o
 .comment       0x00000000       0x84 lib\stm32f3_std_driver\src\stm32f30x_tim.o
 .comment       0x00000000       0x84 lib\stm32f3_std_driver\src\stm32f30x_rcc.o
 .comment       0x00000000       0x84 lib\stm32f3_std_driver\src\stm32f30x_misc.o
 .comment       0x00000000       0x84 lib\stm32f3_std_driver\src\stm32f30x_gpio.o
 .comment       0x00000000       0x84 lib\stm32f3_discovery\stm32f3_discovery.o
 .comment       0x00000000       0x84 lib\stm32f30x_it.o

.debug_frame    0x00000000     0x23b4
 .debug_frame   0x00000000      0x180 src\uart.o
 .debug_frame   0x00000180       0xa8 src\support.o
 .debug_frame   0x00000228      0x198 src\servo.o
 .debug_frame   0x000003c0      0x21c src\motor.o
 .debug_frame   0x000005dc       0xfc src\main.o
 .debug_frame   0x000006d8       0x64 lib\system_stm32f30x.o
 .debug_frame   0x0000073c      0x574 lib\stm32f3_std_driver\src\stm32f30x_usart.o
 .debug_frame   0x00000cb0      0xca4 lib\stm32f3_std_driver\src\stm32f30x_tim.o
 .debug_frame   0x00001954      0x44c lib\stm32f3_std_driver\src\stm32f30x_rcc.o
 .debug_frame   0x00001da0       0x9c lib\stm32f3_std_driver\src\stm32f30x_misc.o
 .debug_frame   0x00001e3c      0x180 lib\stm32f3_std_driver\src\stm32f30x_gpio.o
 .debug_frame   0x00001fbc       0xc4 lib\stm32f3_discovery\stm32f3_discovery.o
 .debug_frame   0x00002080       0xd0 lib\stm32f30x_it.o
 .debug_frame   0x00002150       0x2c d:/programme/truestudio for arm lite 4.0.1/armtools/bin/../lib/gcc/arm-atollic-eabi/4.7.3/../../../../arm-atollic-eabi/lib/armv7e-m/fpu\libc_s.a(lib_a-init.o)
 .debug_frame   0x0000217c       0x30 d:/programme/truestudio for arm lite 4.0.1/armtools/bin/../lib/gcc/arm-atollic-eabi/4.7.3/../../../../arm-atollic-eabi/lib/armv7e-m/fpu\libc_s.a(lib_a-malloc.o)
 .debug_frame   0x000021ac       0x2c d:/programme/truestudio for arm lite 4.0.1/armtools/bin/../lib/gcc/arm-atollic-eabi/4.7.3/../../../../arm-atollic-eabi/lib/armv7e-m/fpu\libc_s.a(lib_a-mallocr.o)
 .debug_frame   0x000021d8       0x2c d:/programme/truestudio for arm lite 4.0.1/armtools/bin/../lib/gcc/arm-atollic-eabi/4.7.3/../../../../arm-atollic-eabi/lib/armv7e-m/fpu\libc_s.a(lib_a-sbrkr.o)
 .debug_frame   0x00002204      0x14c d:/programme/truestudio for arm lite 4.0.1/armtools/bin/../lib/gcc/arm-atollic-eabi/4.7.3/../../../../arm-atollic-eabi/lib/armv7e-m/fpu\libc_s.a(lib_a-syscalls.o)
 .debug_frame   0x00002350       0x64 d:/programme/truestudio for arm lite 4.0.1/armtools/bin/../lib/gcc/arm-atollic-eabi/4.7.3/../../../../arm-atollic-eabi/lib/armv7e-m/fpu\libc_s.a(lib_a-reent.o)

Cross Reference Table

Symbol                                            File
ADC1_2_IRQHandler                                 lib\startup_stm32f30x.o
ADC3_IRQHandler                                   lib\startup_stm32f30x.o
ADC4_IRQHandler                                   lib\startup_stm32f30x.o
ADC_AnalogWatchdog1SingleChannelConfig            lib\stm32f3_std_driver\src\stm32f30x_adc.o
ADC_AnalogWatchdog1ThresholdsConfig               lib\stm32f3_std_driver\src\stm32f30x_adc.o
ADC_AnalogWatchdog2SingleChannelConfig            lib\stm32f3_std_driver\src\stm32f30x_adc.o
ADC_AnalogWatchdog2ThresholdsConfig               lib\stm32f3_std_driver\src\stm32f30x_adc.o
ADC_AnalogWatchdog3SingleChannelConfig            lib\stm32f3_std_driver\src\stm32f30x_adc.o
ADC_AnalogWatchdog3ThresholdsConfig               lib\stm32f3_std_driver\src\stm32f30x_adc.o
ADC_AnalogWatchdogCmd                             lib\stm32f3_std_driver\src\stm32f30x_adc.o
ADC_AutoDelayCmd                                  lib\stm32f3_std_driver\src\stm32f30x_adc.o
ADC_AutoInjectedConvCmd                           lib\stm32f3_std_driver\src\stm32f30x_adc.o
ADC_ChannelOffset1Cmd                             lib\stm32f3_std_driver\src\stm32f30x_adc.o
ADC_ChannelOffset2Cmd                             lib\stm32f3_std_driver\src\stm32f30x_adc.o
ADC_ChannelOffset3Cmd                             lib\stm32f3_std_driver\src\stm32f30x_adc.o
ADC_ChannelOffset4Cmd                             lib\stm32f3_std_driver\src\stm32f30x_adc.o
ADC_ClearCommonFlag                               lib\stm32f3_std_driver\src\stm32f30x_adc.o
ADC_ClearFlag                                     lib\stm32f3_std_driver\src\stm32f30x_adc.o
ADC_ClearITPendingBit                             lib\stm32f3_std_driver\src\stm32f30x_adc.o
ADC_Cmd                                           lib\stm32f3_std_driver\src\stm32f30x_adc.o
ADC_CommonInit                                    lib\stm32f3_std_driver\src\stm32f30x_adc.o
ADC_CommonStructInit                              lib\stm32f3_std_driver\src\stm32f30x_adc.o
ADC_DMACmd                                        lib\stm32f3_std_driver\src\stm32f30x_adc.o
ADC_DMAConfig                                     lib\stm32f3_std_driver\src\stm32f30x_adc.o
ADC_DeInit                                        lib\stm32f3_std_driver\src\stm32f30x_adc.o
ADC_DisableCmd                                    lib\stm32f3_std_driver\src\stm32f30x_adc.o
ADC_DiscModeChannelCountConfig                    lib\stm32f3_std_driver\src\stm32f30x_adc.o
ADC_DiscModeCmd                                   lib\stm32f3_std_driver\src\stm32f30x_adc.o
ADC_ExternalTriggerConfig                         lib\stm32f3_std_driver\src\stm32f30x_adc.o
ADC_GetCalibrationStatus                          lib\stm32f3_std_driver\src\stm32f30x_adc.o
ADC_GetCalibrationValue                           lib\stm32f3_std_driver\src\stm32f30x_adc.o
ADC_GetCommonFlagStatus                           lib\stm32f3_std_driver\src\stm32f30x_adc.o
ADC_GetConversionValue                            lib\stm32f3_std_driver\src\stm32f30x_adc.o
ADC_GetDisableCmdStatus                           lib\stm32f3_std_driver\src\stm32f30x_adc.o
ADC_GetDualModeConversionValue                    lib\stm32f3_std_driver\src\stm32f30x_adc.o
ADC_GetFlagStatus                                 lib\stm32f3_std_driver\src\stm32f30x_adc.o
ADC_GetITStatus                                   lib\stm32f3_std_driver\src\stm32f30x_adc.o
ADC_GetInjectedConversionValue                    lib\stm32f3_std_driver\src\stm32f30x_adc.o
ADC_GetStartConversionStatus                      lib\stm32f3_std_driver\src\stm32f30x_adc.o
ADC_GetStartInjectedConversionStatus              lib\stm32f3_std_driver\src\stm32f30x_adc.o
ADC_ITConfig                                      lib\stm32f3_std_driver\src\stm32f30x_adc.o
ADC_Init                                          lib\stm32f3_std_driver\src\stm32f30x_adc.o
ADC_InjectedChannelSampleTimeConfig               lib\stm32f3_std_driver\src\stm32f30x_adc.o
ADC_InjectedDiscModeCmd                           lib\stm32f3_std_driver\src\stm32f30x_adc.o
ADC_InjectedInit                                  lib\stm32f3_std_driver\src\stm32f30x_adc.o
ADC_InjectedStructInit                            lib\stm32f3_std_driver\src\stm32f30x_adc.o
ADC_RegularChannelConfig                          lib\stm32f3_std_driver\src\stm32f30x_adc.o
ADC_RegularChannelSequencerLengthConfig           lib\stm32f3_std_driver\src\stm32f30x_adc.o
ADC_SelectCalibrationMode                         lib\stm32f3_std_driver\src\stm32f30x_adc.o
ADC_SelectDifferentialMode                        lib\stm32f3_std_driver\src\stm32f30x_adc.o
ADC_SelectQueueOfContextMode                      lib\stm32f3_std_driver\src\stm32f30x_adc.o
ADC_SetCalibrationValue                           lib\stm32f3_std_driver\src\stm32f30x_adc.o
ADC_SetChannelOffset1                             lib\stm32f3_std_driver\src\stm32f30x_adc.o
ADC_SetChannelOffset2                             lib\stm32f3_std_driver\src\stm32f30x_adc.o
ADC_SetChannelOffset3                             lib\stm32f3_std_driver\src\stm32f30x_adc.o
ADC_SetChannelOffset4                             lib\stm32f3_std_driver\src\stm32f30x_adc.o
ADC_StartCalibration                              lib\stm32f3_std_driver\src\stm32f30x_adc.o
ADC_StartConversion                               lib\stm32f3_std_driver\src\stm32f30x_adc.o
ADC_StartInjectedConversion                       lib\stm32f3_std_driver\src\stm32f30x_adc.o
ADC_StopConversion                                lib\stm32f3_std_driver\src\stm32f30x_adc.o
ADC_StopInjectedConversion                        lib\stm32f3_std_driver\src\stm32f30x_adc.o
ADC_StructInit                                    lib\stm32f3_std_driver\src\stm32f30x_adc.o
ADC_TempSensorCmd                                 lib\stm32f3_std_driver\src\stm32f30x_adc.o
ADC_VbatCmd                                       lib\stm32f3_std_driver\src\stm32f30x_adc.o
ADC_VoltageRegulatorCmd                           lib\stm32f3_std_driver\src\stm32f30x_adc.o
ADC_VrefintCmd                                    lib\stm32f3_std_driver\src\stm32f30x_adc.o
AHBPrescTable                                     lib\system_stm32f30x.o
BUTTON_CLK                                        lib\stm32f3_discovery\stm32f3_discovery.o
BUTTON_EXTI_LINE                                  lib\stm32f3_discovery\stm32f3_discovery.o
BUTTON_IRQn                                       lib\stm32f3_discovery\stm32f3_discovery.o
BUTTON_PIN                                        lib\stm32f3_discovery\stm32f3_discovery.o
BUTTON_PIN_SOURCE                                 lib\stm32f3_discovery\stm32f3_discovery.o
BUTTON_PORT                                       lib\stm32f3_discovery\stm32f3_discovery.o
BUTTON_PORT_SOURCE                                lib\stm32f3_discovery\stm32f3_discovery.o
BusFault_Handler                                  lib\stm32f30x_it.o
CAN1_RX1_IRQHandler                               lib\startup_stm32f30x.o
CAN1_SCE_IRQHandler                               lib\startup_stm32f30x.o
CAN_CancelTransmit                                lib\stm32f3_std_driver\src\stm32f30x_can.o
CAN_ClearFlag                                     lib\stm32f3_std_driver\src\stm32f30x_can.o
CAN_ClearITPendingBit                             lib\stm32f3_std_driver\src\stm32f30x_can.o
CAN_DBGFreeze                                     lib\stm32f3_std_driver\src\stm32f30x_can.o
CAN_DeInit                                        lib\stm32f3_std_driver\src\stm32f30x_can.o
CAN_FIFORelease                                   lib\stm32f3_std_driver\src\stm32f30x_can.o
CAN_FilterInit                                    lib\stm32f3_std_driver\src\stm32f30x_can.o
CAN_GetFlagStatus                                 lib\stm32f3_std_driver\src\stm32f30x_can.o
CAN_GetITStatus                                   lib\stm32f3_std_driver\src\stm32f30x_can.o
CAN_GetLSBTransmitErrorCounter                    lib\stm32f3_std_driver\src\stm32f30x_can.o
CAN_GetLastErrorCode                              lib\stm32f3_std_driver\src\stm32f30x_can.o
CAN_GetReceiveErrorCounter                        lib\stm32f3_std_driver\src\stm32f30x_can.o
CAN_ITConfig                                      lib\stm32f3_std_driver\src\stm32f30x_can.o
CAN_Init                                          lib\stm32f3_std_driver\src\stm32f30x_can.o
CAN_MessagePending                                lib\stm32f3_std_driver\src\stm32f30x_can.o
CAN_OperatingModeRequest                          lib\stm32f3_std_driver\src\stm32f30x_can.o
CAN_Receive                                       lib\stm32f3_std_driver\src\stm32f30x_can.o
CAN_SlaveStartBank                                lib\stm32f3_std_driver\src\stm32f30x_can.o
CAN_Sleep                                         lib\stm32f3_std_driver\src\stm32f30x_can.o
CAN_StructInit                                    lib\stm32f3_std_driver\src\stm32f30x_can.o
CAN_TTComModeCmd                                  lib\stm32f3_std_driver\src\stm32f30x_can.o
CAN_Transmit                                      lib\stm32f3_std_driver\src\stm32f30x_can.o
CAN_TransmitStatus                                lib\stm32f3_std_driver\src\stm32f30x_can.o
CAN_WakeUp                                        lib\stm32f3_std_driver\src\stm32f30x_can.o
COMP1_2_3_IRQHandler                              lib\startup_stm32f30x.o
COMP4_5_6_IRQHandler                              lib\startup_stm32f30x.o
COMP7_IRQHandler                                  lib\startup_stm32f30x.o
COMP_Cmd                                          lib\stm32f3_std_driver\src\stm32f30x_comp.o
COMP_DeInit                                       lib\stm32f3_std_driver\src\stm32f30x_comp.o
COMP_GetOutputLevel                               lib\stm32f3_std_driver\src\stm32f30x_comp.o
COMP_Init                                         lib\stm32f3_std_driver\src\stm32f30x_comp.o
COMP_LockConfig                                   lib\stm32f3_std_driver\src\stm32f30x_comp.o
COMP_StructInit                                   lib\stm32f3_std_driver\src\stm32f30x_comp.o
COMP_SwitchCmd                                    lib\stm32f3_std_driver\src\stm32f30x_comp.o
COMP_WindowCmd                                    lib\stm32f3_std_driver\src\stm32f30x_comp.o
CRC_CalcBlockCRC                                  lib\stm32f3_std_driver\src\stm32f30x_crc.o
CRC_CalcCRC                                       lib\stm32f3_std_driver\src\stm32f30x_crc.o
CRC_CalcCRC16bits                                 lib\stm32f3_std_driver\src\stm32f30x_crc.o
CRC_CalcCRC8bits                                  lib\stm32f3_std_driver\src\stm32f30x_crc.o
CRC_DeInit                                        lib\stm32f3_std_driver\src\stm32f30x_crc.o
CRC_GetCRC                                        lib\stm32f3_std_driver\src\stm32f30x_crc.o
CRC_GetIDRegister                                 lib\stm32f3_std_driver\src\stm32f30x_crc.o
CRC_PolynomialSizeSelect                          lib\stm32f3_std_driver\src\stm32f30x_crc.o
CRC_ResetDR                                       lib\stm32f3_std_driver\src\stm32f30x_crc.o
CRC_ReverseInputDataSelect                        lib\stm32f3_std_driver\src\stm32f30x_crc.o
CRC_ReverseOutputDataCmd                          lib\stm32f3_std_driver\src\stm32f30x_crc.o
CRC_SetIDRegister                                 lib\stm32f3_std_driver\src\stm32f30x_crc.o
CRC_SetInitRegister                               lib\stm32f3_std_driver\src\stm32f30x_crc.o
CRC_SetPolynomial                                 lib\stm32f3_std_driver\src\stm32f30x_crc.o
DAC_ClearFlag                                     lib\stm32f3_std_driver\src\stm32f30x_dac.o
DAC_ClearITPendingBit                             lib\stm32f3_std_driver\src\stm32f30x_dac.o
DAC_Cmd                                           lib\stm32f3_std_driver\src\stm32f30x_dac.o
DAC_DMACmd                                        lib\stm32f3_std_driver\src\stm32f30x_dac.o
DAC_DeInit                                        lib\stm32f3_std_driver\src\stm32f30x_dac.o
DAC_DualSoftwareTriggerCmd                        lib\stm32f3_std_driver\src\stm32f30x_dac.o
DAC_GetDataOutputValue                            lib\stm32f3_std_driver\src\stm32f30x_dac.o
DAC_GetFlagStatus                                 lib\stm32f3_std_driver\src\stm32f30x_dac.o
DAC_GetITStatus                                   lib\stm32f3_std_driver\src\stm32f30x_dac.o
DAC_ITConfig                                      lib\stm32f3_std_driver\src\stm32f30x_dac.o
DAC_Init                                          lib\stm32f3_std_driver\src\stm32f30x_dac.o
DAC_SetChannel1Data                               lib\stm32f3_std_driver\src\stm32f30x_dac.o
DAC_SetChannel2Data                               lib\stm32f3_std_driver\src\stm32f30x_dac.o
DAC_SetDualChannelData                            lib\stm32f3_std_driver\src\stm32f30x_dac.o
DAC_SoftwareTriggerCmd                            lib\stm32f3_std_driver\src\stm32f30x_dac.o
DAC_StructInit                                    lib\stm32f3_std_driver\src\stm32f30x_dac.o
DAC_WaveGenerationCmd                             lib\stm32f3_std_driver\src\stm32f30x_dac.o
DBGMCU_APB1PeriphConfig                           lib\stm32f3_std_driver\src\stm32f30x_dbgmcu.o
DBGMCU_APB2PeriphConfig                           lib\stm32f3_std_driver\src\stm32f30x_dbgmcu.o
DBGMCU_Config                                     lib\stm32f3_std_driver\src\stm32f30x_dbgmcu.o
DBGMCU_GetDEVID                                   lib\stm32f3_std_driver\src\stm32f30x_dbgmcu.o
DBGMCU_GetREVID                                   lib\stm32f3_std_driver\src\stm32f30x_dbgmcu.o
DMA1_Channel1_IRQHandler                          lib\startup_stm32f30x.o
DMA1_Channel2_IRQHandler                          lib\startup_stm32f30x.o
DMA1_Channel3_IRQHandler                          lib\startup_stm32f30x.o
DMA1_Channel4_IRQHandler                          lib\startup_stm32f30x.o
DMA1_Channel5_IRQHandler                          lib\startup_stm32f30x.o
DMA1_Channel6_IRQHandler                          lib\startup_stm32f30x.o
DMA1_Channel7_IRQHandler                          lib\startup_stm32f30x.o
DMA2_Channel1_IRQHandler                          lib\startup_stm32f30x.o
DMA2_Channel2_IRQHandler                          lib\startup_stm32f30x.o
DMA2_Channel3_IRQHandler                          lib\startup_stm32f30x.o
DMA2_Channel4_IRQHandler                          lib\startup_stm32f30x.o
DMA2_Channel5_IRQHandler                          lib\startup_stm32f30x.o
DMA_ClearFlag                                     lib\stm32f3_std_driver\src\stm32f30x_dma.o
DMA_ClearITPendingBit                             lib\stm32f3_std_driver\src\stm32f30x_dma.o
DMA_Cmd                                           lib\stm32f3_std_driver\src\stm32f30x_dma.o
DMA_DeInit                                        lib\stm32f3_std_driver\src\stm32f30x_dma.o
DMA_GetCurrDataCounter                            lib\stm32f3_std_driver\src\stm32f30x_dma.o
DMA_GetFlagStatus                                 lib\stm32f3_std_driver\src\stm32f30x_dma.o
DMA_GetITStatus                                   lib\stm32f3_std_driver\src\stm32f30x_dma.o
DMA_ITConfig                                      lib\stm32f3_std_driver\src\stm32f30x_dma.o
DMA_Init                                          lib\stm32f3_std_driver\src\stm32f30x_dma.o
DMA_SetCurrDataCounter                            lib\stm32f3_std_driver\src\stm32f30x_dma.o
DMA_StructInit                                    lib\stm32f3_std_driver\src\stm32f30x_dma.o
DebugMon_Handler                                  lib\stm32f30x_it.o
Default_Handler                                   lib\startup_stm32f30x.o
EXTI0_IRQHandler                                  lib\startup_stm32f30x.o
EXTI15_10_IRQHandler                              lib\startup_stm32f30x.o
EXTI1_IRQHandler                                  lib\startup_stm32f30x.o
EXTI2_TS_IRQHandler                               lib\startup_stm32f30x.o
EXTI3_IRQHandler                                  lib\startup_stm32f30x.o
EXTI4_IRQHandler                                  lib\startup_stm32f30x.o
EXTI9_5_IRQHandler                                lib\startup_stm32f30x.o
EXTI_ClearFlag                                    lib\stm32f3_std_driver\src\stm32f30x_exti.o
EXTI_ClearITPendingBit                            lib\stm32f3_std_driver\src\stm32f30x_exti.o
EXTI_DeInit                                       lib\stm32f3_std_driver\src\stm32f30x_exti.o
EXTI_GenerateSWInterrupt                          lib\stm32f3_std_driver\src\stm32f30x_exti.o
EXTI_GetFlagStatus                                lib\stm32f3_std_driver\src\stm32f30x_exti.o
EXTI_GetITStatus                                  lib\stm32f3_std_driver\src\stm32f30x_exti.o
EXTI_Init                                         lib\stm32f3_std_driver\src\stm32f30x_exti.o
                                                  lib\stm32f3_discovery\stm32f3_discovery.o
                                                  lib\stm32f3_discovery\stm32f3_discovery_lsm303dlhc.o
EXTI_StructInit                                   lib\stm32f3_std_driver\src\stm32f30x_exti.o
FLASH_ClearFlag                                   lib\stm32f3_std_driver\src\stm32f30x_flash.o
FLASH_EraseAllPages                               lib\stm32f3_std_driver\src\stm32f30x_flash.o
FLASH_ErasePage                                   lib\stm32f3_std_driver\src\stm32f30x_flash.o
FLASH_GetFlagStatus                               lib\stm32f3_std_driver\src\stm32f30x_flash.o
FLASH_GetStatus                                   lib\stm32f3_std_driver\src\stm32f30x_flash.o
FLASH_HalfCycleAccessCmd                          lib\stm32f3_std_driver\src\stm32f30x_flash.o
FLASH_IRQHandler                                  lib\startup_stm32f30x.o
FLASH_ITConfig                                    lib\stm32f3_std_driver\src\stm32f30x_flash.o
FLASH_Lock                                        lib\stm32f3_std_driver\src\stm32f30x_flash.o
FLASH_OB_BOOTConfig                               lib\stm32f3_std_driver\src\stm32f30x_flash.o
FLASH_OB_EnableWRP                                lib\stm32f3_std_driver\src\stm32f30x_flash.o
FLASH_OB_Erase                                    lib\stm32f3_std_driver\src\stm32f30x_flash.o
FLASH_OB_GetRDP                                   lib\stm32f3_std_driver\src\stm32f30x_flash.o
FLASH_OB_GetUser                                  lib\stm32f3_std_driver\src\stm32f30x_flash.o
FLASH_OB_GetWRP                                   lib\stm32f3_std_driver\src\stm32f30x_flash.o
FLASH_OB_Launch                                   lib\stm32f3_std_driver\src\stm32f30x_flash.o
FLASH_OB_Lock                                     lib\stm32f3_std_driver\src\stm32f30x_flash.o
FLASH_OB_RDPConfig                                lib\stm32f3_std_driver\src\stm32f30x_flash.o
FLASH_OB_SRAMParityConfig                         lib\stm32f3_std_driver\src\stm32f30x_flash.o
FLASH_OB_Unlock                                   lib\stm32f3_std_driver\src\stm32f30x_flash.o
FLASH_OB_UserConfig                               lib\stm32f3_std_driver\src\stm32f30x_flash.o
FLASH_OB_VDDAConfig                               lib\stm32f3_std_driver\src\stm32f30x_flash.o
FLASH_OB_WriteUser                                lib\stm32f3_std_driver\src\stm32f30x_flash.o
FLASH_PrefetchBufferCmd                           lib\stm32f3_std_driver\src\stm32f30x_flash.o
FLASH_ProgramHalfWord                             lib\stm32f3_std_driver\src\stm32f30x_flash.o
FLASH_ProgramOptionByteData                       lib\stm32f3_std_driver\src\stm32f30x_flash.o
FLASH_ProgramWord                                 lib\stm32f3_std_driver\src\stm32f30x_flash.o
FLASH_SetLatency                                  lib\stm32f3_std_driver\src\stm32f30x_flash.o
FLASH_Unlock                                      lib\stm32f3_std_driver\src\stm32f30x_flash.o
FLASH_WaitForLastOperation                        lib\stm32f3_std_driver\src\stm32f30x_flash.o
FPU_IRQHandler                                    lib\startup_stm32f30x.o
GPIO_CLK                                          lib\stm32f3_discovery\stm32f3_discovery.o
GPIO_DeInit                                       lib\stm32f3_std_driver\src\stm32f30x_gpio.o
GPIO_Init                                         lib\stm32f3_std_driver\src\stm32f30x_gpio.o
                                                  lib\stm32f3_discovery\stm32f3_discovery.o
                                                  lib\stm32f3_discovery\stm32f3_discovery_l3gd20.o
                                                  lib\stm32f3_discovery\stm32f3_discovery_lsm303dlhc.o
                                                  src\motor.o
                                                  src\servo.o
                                                  src\uart.o
GPIO_PIN                                          lib\stm32f3_discovery\stm32f3_discovery.o
GPIO_PORT                                         lib\stm32f3_discovery\stm32f3_discovery.o
GPIO_PinAFConfig                                  lib\stm32f3_std_driver\src\stm32f30x_gpio.o
                                                  lib\stm32f3_discovery\stm32f3_discovery_l3gd20.o
                                                  lib\stm32f3_discovery\stm32f3_discovery_lsm303dlhc.o
                                                  src\motor.o
                                                  src\servo.o
                                                  src\uart.o
GPIO_PinLockConfig                                lib\stm32f3_std_driver\src\stm32f30x_gpio.o
GPIO_ReadInputData                                lib\stm32f3_std_driver\src\stm32f30x_gpio.o
GPIO_ReadInputDataBit                             lib\stm32f3_std_driver\src\stm32f30x_gpio.o
                                                  lib\stm32f3_discovery\stm32f3_discovery.o
GPIO_ReadOutputData                               lib\stm32f3_std_driver\src\stm32f30x_gpio.o
GPIO_ReadOutputDataBit                            lib\stm32f3_std_driver\src\stm32f30x_gpio.o
GPIO_ResetBits                                    lib\stm32f3_std_driver\src\stm32f30x_gpio.o
                                                  lib\stm32f3_discovery\stm32f3_discovery_l3gd20.o
                                                  src\motor.o
GPIO_SetBits                                      lib\stm32f3_std_driver\src\stm32f30x_gpio.o
                                                  lib\stm32f3_discovery\stm32f3_discovery_l3gd20.o
                                                  src\motor.o
GPIO_StructInit                                   lib\stm32f3_std_driver\src\stm32f30x_gpio.o
GPIO_Write                                        lib\stm32f3_std_driver\src\stm32f30x_gpio.o
GPIO_WriteBit                                     lib\stm32f3_std_driver\src\stm32f30x_gpio.o
HardFault_Handler                                 lib\stm32f30x_it.o
I2C1_ER_IRQHandler                                lib\startup_stm32f30x.o
I2C1_EV_IRQHandler                                lib\startup_stm32f30x.o
I2C2_ER_IRQHandler                                lib\startup_stm32f30x.o
I2C2_EV_IRQHandler                                lib\startup_stm32f30x.o
I2C_10BitAddressHeaderCmd                         lib\stm32f3_std_driver\src\stm32f30x_i2c.o
I2C_10BitAddressingModeCmd                        lib\stm32f3_std_driver\src\stm32f30x_i2c.o
I2C_AcknowledgeConfig                             lib\stm32f3_std_driver\src\stm32f30x_i2c.o
I2C_AutoEndCmd                                    lib\stm32f3_std_driver\src\stm32f30x_i2c.o
I2C_CalculatePEC                                  lib\stm32f3_std_driver\src\stm32f30x_i2c.o
I2C_ClearFlag                                     lib\stm32f3_std_driver\src\stm32f30x_i2c.o
                                                  lib\stm32f3_discovery\stm32f3_discovery_lsm303dlhc.o
I2C_ClearITPendingBit                             lib\stm32f3_std_driver\src\stm32f30x_i2c.o
I2C_ClockTimeoutCmd                               lib\stm32f3_std_driver\src\stm32f30x_i2c.o
I2C_Cmd                                           lib\stm32f3_std_driver\src\stm32f30x_i2c.o
                                                  lib\stm32f3_discovery\stm32f3_discovery_lsm303dlhc.o
I2C_DMACmd                                        lib\stm32f3_std_driver\src\stm32f30x_i2c.o
I2C_DeInit                                        lib\stm32f3_std_driver\src\stm32f30x_i2c.o
I2C_DualAddressCmd                                lib\stm32f3_std_driver\src\stm32f30x_i2c.o
I2C_ExtendedClockTimeoutCmd                       lib\stm32f3_std_driver\src\stm32f30x_i2c.o
I2C_GeneralCallCmd                                lib\stm32f3_std_driver\src\stm32f30x_i2c.o
I2C_GenerateSTART                                 lib\stm32f3_std_driver\src\stm32f30x_i2c.o
I2C_GenerateSTOP                                  lib\stm32f3_std_driver\src\stm32f30x_i2c.o
I2C_GetAddressMatched                             lib\stm32f3_std_driver\src\stm32f30x_i2c.o
I2C_GetFlagStatus                                 lib\stm32f3_std_driver\src\stm32f30x_i2c.o
                                                  lib\stm32f3_discovery\stm32f3_discovery_lsm303dlhc.o
I2C_GetITStatus                                   lib\stm32f3_std_driver\src\stm32f30x_i2c.o
I2C_GetPEC                                        lib\stm32f3_std_driver\src\stm32f30x_i2c.o
I2C_GetTransferDirection                          lib\stm32f3_std_driver\src\stm32f30x_i2c.o
I2C_ITConfig                                      lib\stm32f3_std_driver\src\stm32f30x_i2c.o
I2C_IdleClockTimeoutCmd                           lib\stm32f3_std_driver\src\stm32f30x_i2c.o
I2C_Init                                          lib\stm32f3_std_driver\src\stm32f30x_i2c.o
                                                  lib\stm32f3_discovery\stm32f3_discovery_lsm303dlhc.o
I2C_MasterRequestConfig                           lib\stm32f3_std_driver\src\stm32f30x_i2c.o
I2C_NumberOfBytesConfig                           lib\stm32f3_std_driver\src\stm32f30x_i2c.o
I2C_OwnAddress2Config                             lib\stm32f3_std_driver\src\stm32f30x_i2c.o
I2C_PECRequestCmd                                 lib\stm32f3_std_driver\src\stm32f30x_i2c.o
I2C_ReadRegister                                  lib\stm32f3_std_driver\src\stm32f30x_i2c.o
I2C_ReceiveData                                   lib\stm32f3_std_driver\src\stm32f30x_i2c.o
                                                  lib\stm32f3_discovery\stm32f3_discovery_lsm303dlhc.o
I2C_ReloadCmd                                     lib\stm32f3_std_driver\src\stm32f30x_i2c.o
I2C_SMBusAlertCmd                                 lib\stm32f3_std_driver\src\stm32f30x_i2c.o
I2C_SendData                                      lib\stm32f3_std_driver\src\stm32f30x_i2c.o
                                                  lib\stm32f3_discovery\stm32f3_discovery_lsm303dlhc.o
I2C_SlaveAddressConfig                            lib\stm32f3_std_driver\src\stm32f30x_i2c.o
I2C_SlaveByteControlCmd                           lib\stm32f3_std_driver\src\stm32f30x_i2c.o
I2C_SoftwareResetCmd                              lib\stm32f3_std_driver\src\stm32f30x_i2c.o
I2C_StopModeCmd                                   lib\stm32f3_std_driver\src\stm32f30x_i2c.o
I2C_StretchClockCmd                               lib\stm32f3_std_driver\src\stm32f30x_i2c.o
I2C_StructInit                                    lib\stm32f3_std_driver\src\stm32f30x_i2c.o
I2C_TimeoutAConfig                                lib\stm32f3_std_driver\src\stm32f30x_i2c.o
I2C_TimeoutBConfig                                lib\stm32f3_std_driver\src\stm32f30x_i2c.o
I2C_TransferHandling                              lib\stm32f3_std_driver\src\stm32f30x_i2c.o
                                                  lib\stm32f3_discovery\stm32f3_discovery_lsm303dlhc.o
I2S_Cmd                                           lib\stm32f3_std_driver\src\stm32f30x_spi.o
I2S_FullDuplexConfig                              lib\stm32f3_std_driver\src\stm32f30x_spi.o
I2S_Init                                          lib\stm32f3_std_driver\src\stm32f30x_spi.o
I2S_StructInit                                    lib\stm32f3_std_driver\src\stm32f30x_spi.o
IWDG_Enable                                       lib\stm32f3_std_driver\src\stm32f30x_iwdg.o
IWDG_GetFlagStatus                                lib\stm32f3_std_driver\src\stm32f30x_iwdg.o
IWDG_ReloadCounter                                lib\stm32f3_std_driver\src\stm32f30x_iwdg.o
IWDG_SetPrescaler                                 lib\stm32f3_std_driver\src\stm32f30x_iwdg.o
IWDG_SetReload                                    lib\stm32f3_std_driver\src\stm32f30x_iwdg.o
IWDG_SetWindowValue                               lib\stm32f3_std_driver\src\stm32f30x_iwdg.o
IWDG_WriteAccessCmd                               lib\stm32f3_std_driver\src\stm32f30x_iwdg.o
L3GD20Timeout                                     lib\stm32f3_discovery\stm32f3_discovery_l3gd20.o
L3GD20_FilterCmd                                  lib\stm32f3_discovery\stm32f3_discovery_l3gd20.o
L3GD20_FilterConfig                               lib\stm32f3_discovery\stm32f3_discovery_l3gd20.o
L3GD20_GetDataStatus                              lib\stm32f3_discovery\stm32f3_discovery_l3gd20.o
L3GD20_INT1InterruptCmd                           lib\stm32f3_discovery\stm32f3_discovery_l3gd20.o
L3GD20_INT1InterruptConfig                        lib\stm32f3_discovery\stm32f3_discovery_l3gd20.o
L3GD20_INT2InterruptCmd                           lib\stm32f3_discovery\stm32f3_discovery_l3gd20.o
L3GD20_Init                                       lib\stm32f3_discovery\stm32f3_discovery_l3gd20.o
L3GD20_Read                                       lib\stm32f3_discovery\stm32f3_discovery_l3gd20.o
L3GD20_RebootCmd                                  lib\stm32f3_discovery\stm32f3_discovery_l3gd20.o
L3GD20_TIMEOUT_UserCallback                       lib\stm32f3_discovery\stm32f3_discovery_l3gd20.o
L3GD20_Write                                      lib\stm32f3_discovery\stm32f3_discovery_l3gd20.o
LSM303DLHC_AccClickITConfig                       lib\stm32f3_discovery\stm32f3_discovery_lsm303dlhc.o
LSM303DLHC_AccFilterClickCmd                      lib\stm32f3_discovery\stm32f3_discovery_lsm303dlhc.o
LSM303DLHC_AccFilterCmd                           lib\stm32f3_discovery\stm32f3_discovery_lsm303dlhc.o
LSM303DLHC_AccFilterConfig                        lib\stm32f3_discovery\stm32f3_discovery_lsm303dlhc.o
LSM303DLHC_AccGetDataStatus                       lib\stm32f3_discovery\stm32f3_discovery_lsm303dlhc.o
LSM303DLHC_AccINT1InterruptConfig                 lib\stm32f3_discovery\stm32f3_discovery_lsm303dlhc.o
LSM303DLHC_AccINT2InterruptConfig                 lib\stm32f3_discovery\stm32f3_discovery_lsm303dlhc.o
LSM303DLHC_AccIT1Config                           lib\stm32f3_discovery\stm32f3_discovery_lsm303dlhc.o
LSM303DLHC_AccIT2Config                           lib\stm32f3_discovery\stm32f3_discovery_lsm303dlhc.o
LSM303DLHC_AccInit                                lib\stm32f3_discovery\stm32f3_discovery_lsm303dlhc.o
LSM303DLHC_AccRebootCmd                           lib\stm32f3_discovery\stm32f3_discovery_lsm303dlhc.o
LSM303DLHC_MagGetDataStatus                       lib\stm32f3_discovery\stm32f3_discovery_lsm303dlhc.o
LSM303DLHC_MagInit                                lib\stm32f3_discovery\stm32f3_discovery_lsm303dlhc.o
LSM303DLHC_Read                                   lib\stm32f3_discovery\stm32f3_discovery_lsm303dlhc.o
LSM303DLHC_TIMEOUT_UserCallback                   lib\stm32f3_discovery\stm32f3_discovery_lsm303dlhc.o
LSM303DLHC_Timeout                                lib\stm32f3_discovery\stm32f3_discovery_lsm303dlhc.o
LSM303DLHC_Write                                  lib\stm32f3_discovery\stm32f3_discovery_lsm303dlhc.o
MemManage_Handler                                 lib\stm32f30x_it.o
NMI_Handler                                       lib\stm32f30x_it.o
NVIC_Init                                         lib\stm32f3_std_driver\src\stm32f30x_misc.o
                                                  lib\stm32f3_discovery\stm32f3_discovery.o
                                                  src\uart.o
NVIC_PriorityGroupConfig                          lib\stm32f3_std_driver\src\stm32f30x_misc.o
NVIC_SetVectorTable                               lib\stm32f3_std_driver\src\stm32f30x_misc.o
NVIC_SystemLPConfig                               lib\stm32f3_std_driver\src\stm32f30x_misc.o
OPAMP_Cmd                                         lib\stm32f3_std_driver\src\stm32f30x_opamp.o
OPAMP_DeInit                                      lib\stm32f3_std_driver\src\stm32f30x_opamp.o
OPAMP_GetOutputLevel                              lib\stm32f3_std_driver\src\stm32f30x_opamp.o
OPAMP_Init                                        lib\stm32f3_std_driver\src\stm32f30x_opamp.o
OPAMP_LockConfig                                  lib\stm32f3_std_driver\src\stm32f30x_opamp.o
OPAMP_OffsetTrimConfig                            lib\stm32f3_std_driver\src\stm32f30x_opamp.o
OPAMP_OffsetTrimModeSelect                        lib\stm32f3_std_driver\src\stm32f30x_opamp.o
OPAMP_PGAConfig                                   lib\stm32f3_std_driver\src\stm32f30x_opamp.o
OPAMP_StartCalibration                            lib\stm32f3_std_driver\src\stm32f30x_opamp.o
OPAMP_StructInit                                  lib\stm32f3_std_driver\src\stm32f30x_opamp.o
OPAMP_TimerControlledMuxCmd                       lib\stm32f3_std_driver\src\stm32f30x_opamp.o
OPAMP_TimerControlledMuxConfig                    lib\stm32f3_std_driver\src\stm32f30x_opamp.o
OPAMP_VrefConfig                                  lib\stm32f3_std_driver\src\stm32f30x_opamp.o
OPAMP_VrefConnectADCCmd                           lib\stm32f3_std_driver\src\stm32f30x_opamp.o
OPAMP_VrefConnectNonInvertingInput                lib\stm32f3_std_driver\src\stm32f30x_opamp.o
PVD_IRQHandler                                    lib\startup_stm32f30x.o
PWR_BackupAccessCmd                               lib\stm32f3_std_driver\src\stm32f30x_pwr.o
PWR_ClearFlag                                     lib\stm32f3_std_driver\src\stm32f30x_pwr.o
PWR_DeInit                                        lib\stm32f3_std_driver\src\stm32f30x_pwr.o
PWR_EnterSTANDBYMode                              lib\stm32f3_std_driver\src\stm32f30x_pwr.o
PWR_EnterSTOPMode                                 lib\stm32f3_std_driver\src\stm32f30x_pwr.o
PWR_EnterSleepMode                                lib\stm32f3_std_driver\src\stm32f30x_pwr.o
PWR_GetFlagStatus                                 lib\stm32f3_std_driver\src\stm32f30x_pwr.o
PWR_PVDCmd                                        lib\stm32f3_std_driver\src\stm32f30x_pwr.o
PWR_PVDLevelConfig                                lib\stm32f3_std_driver\src\stm32f30x_pwr.o
PWR_WakeUpPinCmd                                  lib\stm32f3_std_driver\src\stm32f30x_pwr.o
PendSV_Handler                                    lib\stm32f30x_it.o
RCC_ADCCLKConfig                                  lib\stm32f3_std_driver\src\stm32f30x_rcc.o
RCC_AHBPeriphClockCmd                             lib\stm32f3_std_driver\src\stm32f30x_rcc.o
                                                  lib\stm32f3_discovery\stm32f3_discovery.o
                                                  lib\stm32f3_discovery\stm32f3_discovery_l3gd20.o
                                                  lib\stm32f3_discovery\stm32f3_discovery_lsm303dlhc.o
                                                  src\motor.o
                                                  src\servo.o
                                                  src\uart.o
RCC_AHBPeriphResetCmd                             lib\stm32f3_std_driver\src\stm32f30x_rcc.o
                                                  lib\stm32f3_std_driver\src\stm32f30x_adc.o
                                                  lib\stm32f3_std_driver\src\stm32f30x_gpio.o
RCC_APB1PeriphClockCmd                            lib\stm32f3_std_driver\src\stm32f30x_rcc.o
                                                  lib\stm32f3_discovery\stm32f3_discovery_lsm303dlhc.o
                                                  src\motor.o
                                                  src\servo.o
RCC_APB1PeriphResetCmd                            lib\stm32f3_std_driver\src\stm32f30x_rcc.o
                                                  lib\stm32f3_std_driver\src\stm32f30x_can.o
                                                  lib\stm32f3_std_driver\src\stm32f30x_dac.o
                                                  lib\stm32f3_std_driver\src\stm32f30x_i2c.o
                                                  lib\stm32f3_std_driver\src\stm32f30x_pwr.o
                                                  lib\stm32f3_std_driver\src\stm32f30x_spi.o
                                                  lib\stm32f3_std_driver\src\stm32f30x_tim.o
                                                  lib\stm32f3_std_driver\src\stm32f30x_usart.o
                                                  lib\stm32f3_std_driver\src\stm32f30x_wwdg.o
RCC_APB2PeriphClockCmd                            lib\stm32f3_std_driver\src\stm32f30x_rcc.o
                                                  lib\stm32f3_discovery\stm32f3_discovery.o
                                                  lib\stm32f3_discovery\stm32f3_discovery_l3gd20.o
                                                  src\uart.o
RCC_APB2PeriphResetCmd                            lib\stm32f3_std_driver\src\stm32f30x_rcc.o
                                                  lib\stm32f3_std_driver\src\stm32f30x_spi.o
                                                  lib\stm32f3_std_driver\src\stm32f30x_tim.o
                                                  lib\stm32f3_std_driver\src\stm32f30x_usart.o
RCC_AdjustHSICalibrationValue                     lib\stm32f3_std_driver\src\stm32f30x_rcc.o
RCC_BackupResetCmd                                lib\stm32f3_std_driver\src\stm32f30x_rcc.o
RCC_ClearFlag                                     lib\stm32f3_std_driver\src\stm32f30x_rcc.o
RCC_ClearITPendingBit                             lib\stm32f3_std_driver\src\stm32f30x_rcc.o
RCC_ClockSecuritySystemCmd                        lib\stm32f3_std_driver\src\stm32f30x_rcc.o
RCC_DeInit                                        lib\stm32f3_std_driver\src\stm32f30x_rcc.o
RCC_GetClocksFreq                                 lib\stm32f3_std_driver\src\stm32f30x_rcc.o
                                                  lib\stm32f3_std_driver\src\stm32f30x_spi.o
                                                  lib\stm32f3_std_driver\src\stm32f30x_usart.o
RCC_GetFlagStatus                                 lib\stm32f3_std_driver\src\stm32f30x_rcc.o
RCC_GetITStatus                                   lib\stm32f3_std_driver\src\stm32f30x_rcc.o
RCC_GetSYSCLKSource                               lib\stm32f3_std_driver\src\stm32f30x_rcc.o
RCC_HCLKConfig                                    lib\stm32f3_std_driver\src\stm32f30x_rcc.o
RCC_HSEConfig                                     lib\stm32f3_std_driver\src\stm32f30x_rcc.o
RCC_HSICmd                                        lib\stm32f3_std_driver\src\stm32f30x_rcc.o
RCC_I2CCLKConfig                                  lib\stm32f3_std_driver\src\stm32f30x_rcc.o
RCC_I2SCLKConfig                                  lib\stm32f3_std_driver\src\stm32f30x_rcc.o
RCC_IRQHandler                                    lib\startup_stm32f30x.o
RCC_ITConfig                                      lib\stm32f3_std_driver\src\stm32f30x_rcc.o
RCC_LSEConfig                                     lib\stm32f3_std_driver\src\stm32f30x_rcc.o
RCC_LSEDriveConfig                                lib\stm32f3_std_driver\src\stm32f30x_rcc.o
RCC_LSICmd                                        lib\stm32f3_std_driver\src\stm32f30x_rcc.o
RCC_MCOConfig                                     lib\stm32f3_std_driver\src\stm32f30x_rcc.o
RCC_PCLK1Config                                   lib\stm32f3_std_driver\src\stm32f30x_rcc.o
RCC_PCLK2Config                                   lib\stm32f3_std_driver\src\stm32f30x_rcc.o
RCC_PLLCmd                                        lib\stm32f3_std_driver\src\stm32f30x_rcc.o
RCC_PLLConfig                                     lib\stm32f3_std_driver\src\stm32f30x_rcc.o
RCC_PREDIV1Config                                 lib\stm32f3_std_driver\src\stm32f30x_rcc.o
RCC_RTCCLKCmd                                     lib\stm32f3_std_driver\src\stm32f30x_rcc.o
RCC_RTCCLKConfig                                  lib\stm32f3_std_driver\src\stm32f30x_rcc.o
RCC_SYSCLKConfig                                  lib\stm32f3_std_driver\src\stm32f30x_rcc.o
RCC_TIMCLKConfig                                  lib\stm32f3_std_driver\src\stm32f30x_rcc.o
RCC_USARTCLKConfig                                lib\stm32f3_std_driver\src\stm32f30x_rcc.o
RCC_USBCLKConfig                                  lib\stm32f3_std_driver\src\stm32f30x_rcc.o
RCC_WaitForHSEStartUp                             lib\stm32f3_std_driver\src\stm32f30x_rcc.o
RTC_AlarmCmd                                      lib\stm32f3_std_driver\src\stm32f30x_rtc.o
RTC_AlarmStructInit                               lib\stm32f3_std_driver\src\stm32f30x_rtc.o
RTC_AlarmSubSecondConfig                          lib\stm32f3_std_driver\src\stm32f30x_rtc.o
RTC_Alarm_IRQHandler                              lib\startup_stm32f30x.o
RTC_BypassShadowCmd                               lib\stm32f3_std_driver\src\stm32f30x_rtc.o
RTC_CalibOutputCmd                                lib\stm32f3_std_driver\src\stm32f30x_rtc.o
RTC_CalibOutputConfig                             lib\stm32f3_std_driver\src\stm32f30x_rtc.o
RTC_ClearFlag                                     lib\stm32f3_std_driver\src\stm32f30x_rtc.o
RTC_ClearITPendingBit                             lib\stm32f3_std_driver\src\stm32f30x_rtc.o
RTC_DateStructInit                                lib\stm32f3_std_driver\src\stm32f30x_rtc.o
RTC_DayLightSavingConfig                          lib\stm32f3_std_driver\src\stm32f30x_rtc.o
RTC_DeInit                                        lib\stm32f3_std_driver\src\stm32f30x_rtc.o
RTC_EnterInitMode                                 lib\stm32f3_std_driver\src\stm32f30x_rtc.o
RTC_ExitInitMode                                  lib\stm32f3_std_driver\src\stm32f30x_rtc.o
RTC_GetAlarm                                      lib\stm32f3_std_driver\src\stm32f30x_rtc.o
RTC_GetAlarmSubSecond                             lib\stm32f3_std_driver\src\stm32f30x_rtc.o
RTC_GetDate                                       lib\stm32f3_std_driver\src\stm32f30x_rtc.o
RTC_GetFlagStatus                                 lib\stm32f3_std_driver\src\stm32f30x_rtc.o
RTC_GetITStatus                                   lib\stm32f3_std_driver\src\stm32f30x_rtc.o
RTC_GetStoreOperation                             lib\stm32f3_std_driver\src\stm32f30x_rtc.o
RTC_GetSubSecond                                  lib\stm32f3_std_driver\src\stm32f30x_rtc.o
RTC_GetTime                                       lib\stm32f3_std_driver\src\stm32f30x_rtc.o
RTC_GetTimeStamp                                  lib\stm32f3_std_driver\src\stm32f30x_rtc.o
RTC_GetTimeStampSubSecond                         lib\stm32f3_std_driver\src\stm32f30x_rtc.o
RTC_GetWakeUpCounter                              lib\stm32f3_std_driver\src\stm32f30x_rtc.o
RTC_ITConfig                                      lib\stm32f3_std_driver\src\stm32f30x_rtc.o
RTC_Init                                          lib\stm32f3_std_driver\src\stm32f30x_rtc.o
RTC_OutputConfig                                  lib\stm32f3_std_driver\src\stm32f30x_rtc.o
RTC_OutputTypeConfig                              lib\stm32f3_std_driver\src\stm32f30x_rtc.o
RTC_ReadBackupRegister                            lib\stm32f3_std_driver\src\stm32f30x_rtc.o
RTC_RefClockCmd                                   lib\stm32f3_std_driver\src\stm32f30x_rtc.o
RTC_SetAlarm                                      lib\stm32f3_std_driver\src\stm32f30x_rtc.o
RTC_SetDate                                       lib\stm32f3_std_driver\src\stm32f30x_rtc.o
RTC_SetTime                                       lib\stm32f3_std_driver\src\stm32f30x_rtc.o
RTC_SetWakeUpCounter                              lib\stm32f3_std_driver\src\stm32f30x_rtc.o
RTC_SmoothCalibConfig                             lib\stm32f3_std_driver\src\stm32f30x_rtc.o
RTC_StructInit                                    lib\stm32f3_std_driver\src\stm32f30x_rtc.o
RTC_SynchroShiftConfig                            lib\stm32f3_std_driver\src\stm32f30x_rtc.o
RTC_TamperCmd                                     lib\stm32f3_std_driver\src\stm32f30x_rtc.o
RTC_TamperFilterConfig                            lib\stm32f3_std_driver\src\stm32f30x_rtc.o
RTC_TamperPinsPrechargeDuration                   lib\stm32f3_std_driver\src\stm32f30x_rtc.o
RTC_TamperPullUpCmd                               lib\stm32f3_std_driver\src\stm32f30x_rtc.o
RTC_TamperSamplingFreqConfig                      lib\stm32f3_std_driver\src\stm32f30x_rtc.o
RTC_TamperTriggerConfig                           lib\stm32f3_std_driver\src\stm32f30x_rtc.o
RTC_TimeStampCmd                                  lib\stm32f3_std_driver\src\stm32f30x_rtc.o
RTC_TimeStampOnTamperDetectionCmd                 lib\stm32f3_std_driver\src\stm32f30x_rtc.o
RTC_TimeStructInit                                lib\stm32f3_std_driver\src\stm32f30x_rtc.o
RTC_WKUP_IRQHandler                               lib\startup_stm32f30x.o
RTC_WaitForSynchro                                lib\stm32f3_std_driver\src\stm32f30x_rtc.o
RTC_WakeUpClockConfig                             lib\stm32f3_std_driver\src\stm32f30x_rtc.o
RTC_WakeUpCmd                                     lib\stm32f3_std_driver\src\stm32f30x_rtc.o
RTC_WriteBackupRegister                           lib\stm32f3_std_driver\src\stm32f30x_rtc.o
RTC_WriteProtectionCmd                            lib\stm32f3_std_driver\src\stm32f30x_rtc.o
Reset_Handler                                     lib\startup_stm32f30x.o
SPI1_IRQHandler                                   lib\startup_stm32f30x.o
SPI2_IRQHandler                                   lib\startup_stm32f30x.o
SPI3_IRQHandler                                   lib\startup_stm32f30x.o
SPI_BiDirectionalLineConfig                       lib\stm32f3_std_driver\src\stm32f30x_spi.o
SPI_CRCLengthConfig                               lib\stm32f3_std_driver\src\stm32f30x_spi.o
SPI_CalculateCRC                                  lib\stm32f3_std_driver\src\stm32f30x_spi.o
SPI_Cmd                                           lib\stm32f3_std_driver\src\stm32f30x_spi.o
                                                  lib\stm32f3_discovery\stm32f3_discovery_l3gd20.o
SPI_DataSizeConfig                                lib\stm32f3_std_driver\src\stm32f30x_spi.o
SPI_GetCRC                                        lib\stm32f3_std_driver\src\stm32f30x_spi.o
SPI_GetCRCPolynomial                              lib\stm32f3_std_driver\src\stm32f30x_spi.o
SPI_GetReceptionFIFOStatus                        lib\stm32f3_std_driver\src\stm32f30x_spi.o
SPI_GetTransmissionFIFOStatus                     lib\stm32f3_std_driver\src\stm32f30x_spi.o
SPI_I2S_ClearFlag                                 lib\stm32f3_std_driver\src\stm32f30x_spi.o
SPI_I2S_DMACmd                                    lib\stm32f3_std_driver\src\stm32f30x_spi.o
SPI_I2S_DeInit                                    lib\stm32f3_std_driver\src\stm32f30x_spi.o
                                                  lib\stm32f3_discovery\stm32f3_discovery_l3gd20.o
SPI_I2S_GetFlagStatus                             lib\stm32f3_std_driver\src\stm32f30x_spi.o
                                                  lib\stm32f3_discovery\stm32f3_discovery_l3gd20.o
SPI_I2S_GetITStatus                               lib\stm32f3_std_driver\src\stm32f30x_spi.o
SPI_I2S_ITConfig                                  lib\stm32f3_std_driver\src\stm32f30x_spi.o
SPI_I2S_ReceiveData16                             lib\stm32f3_std_driver\src\stm32f30x_spi.o
SPI_I2S_SendData16                                lib\stm32f3_std_driver\src\stm32f30x_spi.o
SPI_Init                                          lib\stm32f3_std_driver\src\stm32f30x_spi.o
                                                  lib\stm32f3_discovery\stm32f3_discovery_l3gd20.o
SPI_LastDMATransferCmd                            lib\stm32f3_std_driver\src\stm32f30x_spi.o
SPI_NSSInternalSoftwareConfig                     lib\stm32f3_std_driver\src\stm32f30x_spi.o
SPI_NSSPulseModeCmd                               lib\stm32f3_std_driver\src\stm32f30x_spi.o
SPI_ReceiveData8                                  lib\stm32f3_std_driver\src\stm32f30x_spi.o
                                                  lib\stm32f3_discovery\stm32f3_discovery_l3gd20.o
SPI_RxFIFOThresholdConfig                         lib\stm32f3_std_driver\src\stm32f30x_spi.o
                                                  lib\stm32f3_discovery\stm32f3_discovery_l3gd20.o
SPI_SSOutputCmd                                   lib\stm32f3_std_driver\src\stm32f30x_spi.o
SPI_SendData8                                     lib\stm32f3_std_driver\src\stm32f30x_spi.o
                                                  lib\stm32f3_discovery\stm32f3_discovery_l3gd20.o
SPI_StructInit                                    lib\stm32f3_std_driver\src\stm32f30x_spi.o
SPI_TIModeCmd                                     lib\stm32f3_std_driver\src\stm32f30x_spi.o
SPI_TransmitCRC                                   lib\stm32f3_std_driver\src\stm32f30x_spi.o
STM_EVAL_LEDInit                                  lib\stm32f3_discovery\stm32f3_discovery.o
                                                  src\main.o
STM_EVAL_LEDOff                                   lib\stm32f3_discovery\stm32f3_discovery.o
STM_EVAL_LEDOn                                    lib\stm32f3_discovery\stm32f3_discovery.o
STM_EVAL_LEDToggle                                lib\stm32f3_discovery\stm32f3_discovery.o
                                                  src\main.o
                                                  src\uart.o
STM_EVAL_PBGetState                               lib\stm32f3_discovery\stm32f3_discovery.o
STM_EVAL_PBInit                                   lib\stm32f3_discovery\stm32f3_discovery.o
SVC_Handler                                       lib\stm32f30x_it.o
SYSCFG_BreakConfig                                lib\stm32f3_std_driver\src\stm32f30x_syscfg.o
SYSCFG_BypassParityCheckDisable                   lib\stm32f3_std_driver\src\stm32f30x_syscfg.o
SYSCFG_ClearFlag                                  lib\stm32f3_std_driver\src\stm32f30x_syscfg.o
SYSCFG_DMAChannelRemapConfig                      lib\stm32f3_std_driver\src\stm32f30x_syscfg.o
SYSCFG_DeInit                                     lib\stm32f3_std_driver\src\stm32f30x_syscfg.o
SYSCFG_EXTILineConfig                             lib\stm32f3_std_driver\src\stm32f30x_syscfg.o
                                                  lib\stm32f3_discovery\stm32f3_discovery.o
                                                  lib\stm32f3_discovery\stm32f3_discovery_lsm303dlhc.o
SYSCFG_EncoderRemapConfig                         lib\stm32f3_std_driver\src\stm32f30x_syscfg.o
SYSCFG_GetFlagStatus                              lib\stm32f3_std_driver\src\stm32f30x_syscfg.o
SYSCFG_I2CFastModePlusConfig                      lib\stm32f3_std_driver\src\stm32f30x_syscfg.o
SYSCFG_ITConfig                                   lib\stm32f3_std_driver\src\stm32f30x_syscfg.o
SYSCFG_MemoryRemapConfig                          lib\stm32f3_std_driver\src\stm32f30x_syscfg.o
SYSCFG_SRAMWRPEnable                              lib\stm32f3_std_driver\src\stm32f30x_syscfg.o
SYSCFG_TriggerRemapConfig                         lib\stm32f3_std_driver\src\stm32f30x_syscfg.o
SYSCFG_USBInterruptLineRemapCmd                   lib\stm32f3_std_driver\src\stm32f30x_syscfg.o
SysTick_CLKSourceConfig                           lib\stm32f3_std_driver\src\stm32f30x_misc.o
SysTick_Handler                                   src\main.o
SystemCoreClock                                   lib\system_stm32f30x.o
SystemCoreClockUpdate                             lib\system_stm32f30x.o
                                                  src\main.o
SystemInit                                        lib\system_stm32f30x.o
                                                  lib\startup_stm32f30x.o
TAMPER_STAMP_IRQHandler                           lib\startup_stm32f30x.o
TIM1_BRK_TIM15_IRQHandler                         lib\startup_stm32f30x.o
TIM1_CC_IRQHandler                                lib\startup_stm32f30x.o
TIM1_TRG_COM_TIM17_IRQHandler                     lib\startup_stm32f30x.o
TIM1_UP_TIM16_IRQHandler                          lib\startup_stm32f30x.o
TIM2_IRQHandler                                   lib\startup_stm32f30x.o
TIM3_IRQHandler                                   lib\startup_stm32f30x.o
TIM4_IRQHandler                                   lib\startup_stm32f30x.o
TIM6_DAC_IRQHandler                               lib\startup_stm32f30x.o
TIM7_IRQHandler                                   lib\startup_stm32f30x.o
TIM8_BRK_IRQHandler                               lib\startup_stm32f30x.o
TIM8_CC_IRQHandler                                lib\startup_stm32f30x.o
TIM8_TRG_COM_IRQHandler                           lib\startup_stm32f30x.o
TIM8_UP_IRQHandler                                lib\startup_stm32f30x.o